Archive member included because of file (symbol)

C:\Users\vlrus\AppData\Local\arduino15\packages\arduino\hardware\sam\1.6.12\variants\arduino_due_x/libsam_sam3x8e_gcc_rel.a(pio.o)
                              C:\Users\vlrus\AppData\Local\Temp\VMBCore\arduino20x\4e1271add3247afb6b50ad8f4d39c800\variant\variant.cpp.o (PIO_Configure)
C:\Users\vlrus\AppData\Local\arduino15\packages\arduino\hardware\sam\1.6.12\variants\arduino_due_x/libsam_sam3x8e_gcc_rel.a(pmc.o)
                              ultrasonicIPSReceiver.cpp.o (pmc_enable_periph_clk)
C:\Users\vlrus\AppData\Local\arduino15\packages\arduino\hardware\sam\1.6.12\variants\arduino_due_x/libsam_sam3x8e_gcc_rel.a(system_sam3xa.o)
                              C:\Users\vlrus\AppData\Local\Temp\VMBCore\arduino20x\4e1271add3247afb6b50ad8f4d39c800\variant\variant.cpp.o (SystemInit)
C:\Users\vlrus\AppData\Local\arduino15\packages\arduino\hardware\sam\1.6.12\variants\arduino_due_x/libsam_sam3x8e_gcc_rel.a(startup_sam3xa.o)
                              (Reset_Handler)
C:\Users\vlrus\AppData\Local\arduino15\packages\arduino\hardware\sam\1.6.12\variants\arduino_due_x/libsam_sam3x8e_gcc_rel.a(adc.o)
                              C:\Users\vlrus\AppData\Local\Temp\VMBCore\arduino20x\4e1271add3247afb6b50ad8f4d39c800\variant\variant.cpp.o (adc_init)
C:\Users\vlrus\AppData\Local\arduino15\packages\arduino\hardware\sam\1.6.12\variants\arduino_due_x/libsam_sam3x8e_gcc_rel.a(uotghs.o)
                              C:\Users\vlrus\AppData\Local\arduino15\packages\arduino\hardware\sam\1.6.12\variants\arduino_due_x/libsam_sam3x8e_gcc_rel.a(startup_sam3xa.o) (UOTGHS_Handler)
C:\Users\vlrus\AppData\Local\Temp\VMBuilds\ultrasonicIPSReceiver\arduino_due_x_dbg\Debug/core.a(cortex_handlers.c.o)
                              C:\Users\vlrus\AppData\Local\arduino15\packages\arduino\hardware\sam\1.6.12\variants\arduino_due_x/libsam_sam3x8e_gcc_rel.a(startup_sam3xa.o) (NMI_Handler)
C:\Users\vlrus\AppData\Local\Temp\VMBuilds\ultrasonicIPSReceiver\arduino_due_x_dbg\Debug/core.a(hooks.c.o)
                              C:\Users\vlrus\AppData\Local\Temp\VMBuilds\ultrasonicIPSReceiver\arduino_due_x_dbg\Debug/core.a(cortex_handlers.c.o) (sysTickHook)
C:\Users\vlrus\AppData\Local\Temp\VMBuilds\ultrasonicIPSReceiver\arduino_due_x_dbg\Debug/core.a(syscalls_sam3.c.o)
                              (_sbrk)
C:\Users\vlrus\AppData\Local\Temp\VMBuilds\ultrasonicIPSReceiver\arduino_due_x_dbg\Debug/core.a(wiring_analog.c.o)
                              C:\Users\vlrus\AppData\Local\Temp\VMBCore\arduino20x\4e1271add3247afb6b50ad8f4d39c800\variant\variant.cpp.o (analogOutputInit)
C:\Users\vlrus\AppData\Local\Temp\VMBuilds\ultrasonicIPSReceiver\arduino_due_x_dbg\Debug/core.a(wiring_digital.c.o)
                              ultrasonicIPSReceiver.cpp.o (pinMode)
C:\Users\vlrus\AppData\Local\Temp\VMBuilds\ultrasonicIPSReceiver\arduino_due_x_dbg\Debug/core.a(main.cpp.o)
                              c:/users/vlrus/appdata/local/arduino15/packages/arduino/tools/arm-none-eabi-gcc/4.8.3-2014q1/bin/../lib/gcc/arm-none-eabi/4.8.3/../../../../arm-none-eabi/lib/armv7-m/crt0.o (main)
C:\Users\vlrus\AppData\Local\Temp\VMBuilds\ultrasonicIPSReceiver\arduino_due_x_dbg\Debug/core.a(new.cpp.o)
                              movingAvg\movingAvg.cpp.o (operator new[](unsigned int))
C:\Users\vlrus\AppData\Local\Temp\VMBuilds\ultrasonicIPSReceiver\arduino_due_x_dbg\Debug/core.a(Print.cpp.o)
                              ultrasonicIPSReceiver.cpp.o (Print::println(char const*))
C:\Users\vlrus\AppData\Local\Temp\VMBuilds\ultrasonicIPSReceiver\arduino_due_x_dbg\Debug/core.a(Reset.cpp.o)
                              C:\Users\vlrus\AppData\Local\Temp\VMBuilds\ultrasonicIPSReceiver\arduino_due_x_dbg\Debug/core.a(cortex_handlers.c.o) (tickReset)
C:\Users\vlrus\AppData\Local\Temp\VMBuilds\ultrasonicIPSReceiver\arduino_due_x_dbg\Debug/core.a(RingBuffer.cpp.o)
                              C:\Users\vlrus\AppData\Local\Temp\VMBCore\arduino20x\4e1271add3247afb6b50ad8f4d39c800\variant\variant.cpp.o (RingBuffer::RingBuffer())
C:\Users\vlrus\AppData\Local\Temp\VMBuilds\ultrasonicIPSReceiver\arduino_due_x_dbg\Debug/core.a(UARTClass.cpp.o)
                              C:\Users\vlrus\AppData\Local\Temp\VMBCore\arduino20x\4e1271add3247afb6b50ad8f4d39c800\variant\variant.cpp.o (UARTClass::available())
C:\Users\vlrus\AppData\Local\Temp\VMBuilds\ultrasonicIPSReceiver\arduino_due_x_dbg\Debug/core.a(USARTClass.cpp.o)
                              C:\Users\vlrus\AppData\Local\Temp\VMBCore\arduino20x\4e1271add3247afb6b50ad8f4d39c800\variant\variant.cpp.o (USARTClass::USARTClass(Usart*, IRQn, unsigned long, RingBuffer*, RingBuffer*))
C:\Users\vlrus\AppData\Local\Temp\VMBuilds\ultrasonicIPSReceiver\arduino_due_x_dbg\Debug/core.a(watchdog.cpp.o)
                              C:\Users\vlrus\AppData\Local\Temp\VMBuilds\ultrasonicIPSReceiver\arduino_due_x_dbg\Debug/core.a(main.cpp.o) (watchdogSetup())
[...]
Memory Configuration

Name             Origin             Length             Attributes
rom              0x00080000         0x00080000         xr
sram0            0x20000000         0x00010000         xrw
sram1            0x20080000         0x00008000         xrw
ram              0x20070000         0x00018000         xrw
*default*        0x00000000         0xffffffff

Linker script and memory map

LOAD c:/users/vlrus/appdata/local/arduino15/packages/arduino/tools/arm-none-eabi-gcc/4.8.3-2014q1/bin/../lib/gcc/arm-none-eabi/4.8.3/armv7-m/crti.o
LOAD c:/users/vlrus/appdata/local/arduino15/packages/arduino/tools/arm-none-eabi-gcc/4.8.3-2014q1/bin/../lib/gcc/arm-none-eabi/4.8.3/armv7-m/crtbegin.o
LOAD c:/users/vlrus/appdata/local/arduino15/packages/arduino/tools/arm-none-eabi-gcc/4.8.3-2014q1/bin/../lib/gcc/arm-none-eabi/4.8.3/../../../../arm-none-eabi/lib/armv7-m/crt0.o
START GROUP
LOAD ultrasonicIPSReceiver.cpp.o
LOAD movingAvg\movingAvg.cpp.o
LOAD C:\Users\vlrus\AppData\Local\Temp\VMBCore\arduino20x\4e1271add3247afb6b50ad8f4d39c800\variant\variant.cpp.o
LOAD C:\Users\vlrus\AppData\Local\arduino15\packages\arduino\hardware\sam\1.6.12\variants\arduino_due_x/libsam_sam3x8e_gcc_rel.a
LOAD C:\Users\vlrus\AppData\Local\Temp\VMBuilds\ultrasonicIPSReceiver\arduino_due_x_dbg\Debug/core.a
END GROUP
LOAD c:/users/vlrus/appdata/local/arduino15/packages/arduino/tools/arm-none-eabi-gcc/4.8.3-2014q1/bin/../lib/gcc/arm-none-eabi/4.8.3/../../../../arm-none-eabi/lib/armv7-m\libm.a
LOAD c:/users/vlrus/appdata/local/arduino15/packages/arduino/tools/arm-none-eabi-gcc/4.8.3-2014q1/bin/../lib/gcc/arm-none-eabi/4.8.3/armv7-m\libgcc.a
START GROUP
LOAD c:/users/vlrus/appdata/local/arduino15/packages/arduino/tools/arm-none-eabi-gcc/4.8.3-2014q1/bin/../lib/gcc/arm-none-eabi/4.8.3/armv7-m\libgcc.a
LOAD c:/users/vlrus/appdata/local/arduino15/packages/arduino/tools/arm-none-eabi-gcc/4.8.3-2014q1/bin/../lib/gcc/arm-none-eabi/4.8.3/../../../../arm-none-eabi/lib/armv7-m\libc.a
END GROUP
LOAD c:/users/vlrus/appdata/local/arduino15/packages/arduino/tools/arm-none-eabi-gcc/4.8.3-2014q1/bin/../lib/gcc/arm-none-eabi/4.8.3/armv7-m/crtend.o
LOAD c:/users/vlrus/appdata/local/arduino15/packages/arduino/tools/arm-none-eabi-gcc/4.8.3-2014q1/bin/../lib/gcc/arm-none-eabi/4.8.3/armv7-m/crtn.o

.text           0x00080000     0x3378
                0x00080000                . = ALIGN (0x4)
                0x00080000                _sfixed = .
 *(.vectors .vectors.*)
 .vectors       0x00080000       0xf4 C:\Users\vlrus\AppData\Local\arduino15\packages\arduino\hardware\sam\1.6.12\variants\arduino_due_x/libsam_sam3x8e_gcc_rel.a(startup_sam3xa.o)
                0x00080000                exception_table
 *(.text .text.* .gnu.linkonce.t.*)
 .text          0x000800f4       0x54 c:/users/vlrus/appdata/local/arduino15/packages/arduino/tools/arm-none-eabi-gcc/4.8.3-2014q1/bin/../lib/gcc/arm-none-eabi/4.8.3/armv7-m/crtbegin.o
 .text._Z8setupADCv
                0x00080148       0x80 ultrasonicIPSReceiver.cpp.o
                0x00080148                setupADC()
 .text._Z7setupTCv
                0x000801c8       0x50 ultrasonicIPSReceiver.cpp.o
                0x000801c8                setupTC()
 .text.loop     0x00080218       0x64 ultrasonicIPSReceiver.cpp.o
                0x00080218                loop
 .text.ADC_Handler
                0x0008027c       0x38 ultrasonicIPSReceiver.cpp.o
                0x0008027c                ADC_Handler
 .text.TC2_Handler
                0x000802b4       0x44 ultrasonicIPSReceiver.cpp.o
                0x000802b4                TC2_Handler
 .text.startup._GLOBAL__sub_I_timerCount
                0x000802f8       0x14 ultrasonicIPSReceiver.cpp.o
 .text.setup    0x0008030c       0x3c ultrasonicIPSReceiver.cpp.o
                0x0008030c                setup
 .text._ZN9movingAvg5beginEv
                0x00080348       0x1a movingAvg\movingAvg.cpp.o
                0x00080348                movingAvg::begin()
 .text._Z11serialEventv
                0x00080362        0x2 C:\Users\vlrus\AppData\Local\Temp\VMBCore\arduino20x\4e1271add3247afb6b50ad8f4d39c800\variant\variant.cpp.o
                0x00080362                serialEvent()
 .text.UART_Handler
                0x00080364        0xc C:\Users\vlrus\AppData\Local\Temp\VMBCore\arduino20x\4e1271add3247afb6b50ad8f4d39c800\variant\variant.cpp.o
                0x00080364                UART_Handler
 .text._Z12serialEvent1v
                0x00080370        0x2 C:\Users\vlrus\AppData\Local\Temp\VMBCore\arduino20x\4e1271add3247afb6b50ad8f4d39c800\variant\variant.cpp.o
                0x00080370                serialEvent1()
 .text._Z12serialEvent2v
                0x00080372        0x2 C:\Users\vlrus\AppData\Local\Temp\VMBCore\arduino20x\4e1271add3247afb6b50ad8f4d39c800\variant\variant.cpp.o
                0x00080372                serialEvent2()
 .text._Z12serialEvent3v
                0x00080374        0x2 C:\Users\vlrus\AppData\Local\Temp\VMBCore\arduino20x\4e1271add3247afb6b50ad8f4d39c800\variant\variant.cpp.o
                0x00080374                serialEvent3()
 *fill*         0x00080376        0x2 
 .text.USART0_Handler
                0x00080378        0xc C:\Users\vlrus\AppData\Local\Temp\VMBCore\arduino20x\4e1271add3247afb6b50ad8f4d39c800\variant\variant.cpp.o
                0x00080378                USART0_Handler
 .text.USART1_Handler
                0x00080384        0xc C:\Users\vlrus\AppData\Local\Temp\VMBCore\arduino20x\4e1271add3247afb6b50ad8f4d39c800\variant\variant.cpp.o
                0x00080384                USART1_Handler
 .text.USART3_Handler
                0x00080390        0xc C:\Users\vlrus\AppData\Local\Temp\VMBCore\arduino20x\4e1271add3247afb6b50ad8f4d39c800\variant\variant.cpp.o
                0x00080390                USART3_Handler
 .text.init     0x0008039c      0x128 C:\Users\vlrus\AppData\Local\Temp\VMBCore\arduino20x\4e1271add3247afb6b50ad8f4d39c800\variant\variant.cpp.o
                0x0008039c                init
 .text.startup._GLOBAL__sub_I_g_APinDescription
                0x000804c4       0xd4 C:\Users\vlrus\AppData\Local\Temp\VMBCore\arduino20x\4e1271add3247afb6b50ad8f4d39c800\variant\variant.cpp.o
 .text._Z14serialEventRunv
                0x00080598       0x44 C:\Users\vlrus\AppData\Local\Temp\VMBCore\arduino20x\4e1271add3247afb6b50ad8f4d39c800\variant\variant.cpp.o
                0x00080598                serialEventRun()
 .text.PIO_PullUp
                0x000805dc        0xa C:\Users\vlrus\AppData\Local\arduino15\packages\arduino\hardware\sam\1.6.12\variants\arduino_due_x/libsam_sam3x8e_gcc_rel.a(pio.o)
                0x000805dc                PIO_PullUp
 .text.PIO_SetPeripheral
                0x000805e6       0x26 C:\Users\vlrus\AppData\Local\arduino15\packages\arduino\hardware\sam\1.6.12\variants\arduino_due_x/libsam_sam3x8e_gcc_rel.a(pio.o)
                0x000805e6                PIO_SetPeripheral
 .text.PIO_SetInput
                0x0008060c       0x26 C:\Users\vlrus\AppData\Local\arduino15\packages\arduino\hardware\sam\1.6.12\variants\arduino_due_x/libsam_sam3x8e_gcc_rel.a(pio.o)
                0x0008060c                PIO_SetInput
 .text.PIO_SetOutput
                0x00080632       0x24 C:\Users\vlrus\AppData\Local\arduino15\packages\arduino\hardware\sam\1.6.12\variants\arduino_due_x/libsam_sam3x8e_gcc_rel.a(pio.o)
                0x00080632                PIO_SetOutput
 *fill*         0x00080656        0x2 
 .text.PIO_Configure
                0x00080658       0x64 C:\Users\vlrus\AppData\Local\arduino15\packages\arduino\hardware\sam\1.6.12\variants\arduino_due_x/libsam_sam3x8e_gcc_rel.a(pio.o)
                0x00080658                PIO_Configure
 .text.PIO_GetOutputDataStatus
                0x000806bc       0x14 C:\Users\vlrus\AppData\Local\arduino15\packages\arduino\hardware\sam\1.6.12\variants\arduino_due_x/libsam_sam3x8e_gcc_rel.a(pio.o)
                0x000806bc                PIO_GetOutputDataStatus
 .text.pmc_enable_upll_clock
                0x000806d0       0x14 C:\Users\vlrus\AppData\Local\arduino15\packages\arduino\hardware\sam\1.6.12\variants\arduino_due_x/libsam_sam3x8e_gcc_rel.a(pmc.o)
                0x000806d0                pmc_enable_upll_clock
 .text.pmc_enable_periph_clk
                0x000806e4       0x44 C:\Users\vlrus\AppData\Local\arduino15\packages\arduino\hardware\sam\1.6.12\variants\arduino_due_x/libsam_sam3x8e_gcc_rel.a(pmc.o)
                0x000806e4                pmc_enable_periph_clk
 .text.pmc_disable_periph_clk
                0x00080728       0x40 C:\Users\vlrus\AppData\Local\arduino15\packages\arduino\hardware\sam\1.6.12\variants\arduino_due_x/libsam_sam3x8e_gcc_rel.a(pmc.o)
                0x00080728                pmc_disable_periph_clk
 .text.pmc_switch_udpck_to_upllck
                0x00080768       0x14 C:\Users\vlrus\AppData\Local\arduino15\packages\arduino\hardware\sam\1.6.12\variants\arduino_due_x/libsam_sam3x8e_gcc_rel.a(pmc.o)
                0x00080768                pmc_switch_udpck_to_upllck
 .text.pmc_enable_udpck
                0x0008077c        0xc C:\Users\vlrus\AppData\Local\arduino15\packages\arduino\hardware\sam\1.6.12\variants\arduino_due_x/libsam_sam3x8e_gcc_rel.a(pmc.o)
                0x0008077c                pmc_enable_udpck
 .text.SystemInit
                0x00080788       0x88 C:\Users\vlrus\AppData\Local\arduino15\packages\arduino\hardware\sam\1.6.12\variants\arduino_due_x/libsam_sam3x8e_gcc_rel.a(system_sam3xa.o)
                0x00080788                SystemInit
 .text.Reset_Handler
                0x00080810       0x78 C:\Users\vlrus\AppData\Local\arduino15\packages\arduino\hardware\sam\1.6.12\variants\arduino_due_x/libsam_sam3x8e_gcc_rel.a(startup_sam3xa.o)
                0x00080810                Reset_Handler
 .text.adc_init
                0x00080888       0x98 C:\Users\vlrus\AppData\Local\arduino15\packages\arduino\hardware\sam\1.6.12\variants\arduino_due_x/libsam_sam3x8e_gcc_rel.a(adc.o)
                0x00080888                adc_init
 .text.adc_configure_trigger
                0x00080920        0xe C:\Users\vlrus\AppData\Local\arduino15\packages\arduino\hardware\sam\1.6.12\variants\arduino_due_x/libsam_sam3x8e_gcc_rel.a(adc.o)
                0x00080920                adc_configure_trigger
 .text.adc_configure_timing
                0x0008092e       0x1a C:\Users\vlrus\AppData\Local\arduino15\packages\arduino\hardware\sam\1.6.12\variants\arduino_due_x/libsam_sam3x8e_gcc_rel.a(adc.o)
                0x0008092e                adc_configure_timing
 .text.adc_disable_channel
                0x00080948        0xa C:\Users\vlrus\AppData\Local\arduino15\packages\arduino\hardware\sam\1.6.12\variants\arduino_due_x/libsam_sam3x8e_gcc_rel.a(adc.o)
                0x00080948                adc_disable_channel
 .text.adc_disable_all_channel
                0x00080952        0x8 C:\Users\vlrus\AppData\Local\arduino15\packages\arduino\hardware\sam\1.6.12\variants\arduino_due_x/libsam_sam3x8e_gcc_rel.a(adc.o)
                0x00080952                adc_disable_all_channel
 .text.adc_disable_interrupt
                0x0008095a        0x4 C:\Users\vlrus\AppData\Local\arduino15\packages\arduino\hardware\sam\1.6.12\variants\arduino_due_x/libsam_sam3x8e_gcc_rel.a(adc.o)
                0x0008095a                adc_disable_interrupt
 *fill*         0x0008095e        0x2 
 .text.UOTGHS_Handler
                0x00080960       0x10 C:\Users\vlrus\AppData\Local\arduino15\packages\arduino\hardware\sam\1.6.12\variants\arduino_due_x/libsam_sam3x8e_gcc_rel.a(uotghs.o)
                0x00080960                UOTGHS_Handler
 .text.__halt   0x00080970        0x2 C:\Users\vlrus\AppData\Local\Temp\VMBuilds\ultrasonicIPSReceiver\arduino_due_x_dbg\Debug/core.a(cortex_handlers.c.o)
                0x00080970                DACC_Handler
                0x00080970                DebugMon_Handler
                0x00080970                DMAC_Handler
                0x00080970                TRNG_Handler
                0x00080970                HardFault_Handler
                0x00080970                TWI1_Handler
                0x00080970                NMI_Handler
                0x00080970                TC7_Handler
                0x00080970                SMC_Handler
                0x00080970                RTT_Handler
                0x00080970                EFC1_Handler
                0x00080970                PIOB_Handler
                0x00080970                RTC_Handler
                0x00080970                UsageFault_Handler
                0x00080970                TC6_Handler
                0x00080970                WDT_Handler
                0x00080970                CAN0_Handler
                0x00080970                TC4_Handler
                0x00080970                TC1_Handler
                0x00080970                HSMCI_Handler
                0x00080970                TC3_Handler
                0x00080970                TWI0_Handler
                0x00080970                PIOA_Handler
                0x00080970                SSC_Handler
                0x00080970                EFC0_Handler
                0x00080970                PMC_Handler
                0x00080970                PWM_Handler
                0x00080970                CAN1_Handler
                0x00080970                MemManage_Handler
                0x00080970                SUPC_Handler
                0x00080970                TC8_Handler
                0x00080970                USART2_Handler
                0x00080970                PIOD_Handler
                0x00080970                EMAC_Handler
                0x00080970                PIOC_Handler
                0x00080970                BusFault_Handler
                0x00080970                RSTC_Handler
                0x00080970                TC0_Handler
                0x00080970                TC5_Handler
                0x00080970                SPI0_Handler
 .text.SVC_Handler
                0x00080972        0x4 C:\Users\vlrus\AppData\Local\Temp\VMBuilds\ultrasonicIPSReceiver\arduino_due_x_dbg\Debug/core.a(cortex_handlers.c.o)
                0x00080972                SVC_Handler
 .text.PendSV_Handler
                0x00080976        0x4 C:\Users\vlrus\AppData\Local\Temp\VMBuilds\ultrasonicIPSReceiver\arduino_due_x_dbg\Debug/core.a(cortex_handlers.c.o)
                0x00080976                PendSV_Handler
 .text.SysTick_Handler
                0x0008097a       0x16 C:\Users\vlrus\AppData\Local\Temp\VMBuilds\ultrasonicIPSReceiver\arduino_due_x_dbg\Debug/core.a(cortex_handlers.c.o)
                0x0008097a                SysTick_Handler
 .text.__empty  0x00080990        0x2 C:\Users\vlrus\AppData\Local\Temp\VMBuilds\ultrasonicIPSReceiver\arduino_due_x_dbg\Debug/core.a(hooks.c.o)
                0x00080990                yield
 .text.__false  0x00080992        0x4 C:\Users\vlrus\AppData\Local\Temp\VMBuilds\ultrasonicIPSReceiver\arduino_due_x_dbg\Debug/core.a(hooks.c.o)
                0x00080992                sysTickHook
 .text.__halt   0x00080996        0x2 C:\Users\vlrus\AppData\Local\Temp\VMBuilds\ultrasonicIPSReceiver\arduino_due_x_dbg\Debug/core.a(hooks.c.o)
                0x00080996                svcHook
                0x00080996                pendSVHook
 .text._sbrk    0x00080998       0x1c C:\Users\vlrus\AppData\Local\Temp\VMBuilds\ultrasonicIPSReceiver\arduino_due_x_dbg\Debug/core.a(syscalls_sam3.c.o)
                0x00080998                _sbrk
 .text.link     0x000809b4        0x6 C:\Users\vlrus\AppData\Local\Temp\VMBuilds\ultrasonicIPSReceiver\arduino_due_x_dbg\Debug/core.a(syscalls_sam3.c.o)
                0x000809b4                link
 .text._close   0x000809ba        0x6 C:\Users\vlrus\AppData\Local\Temp\VMBuilds\ultrasonicIPSReceiver\arduino_due_x_dbg\Debug/core.a(syscalls_sam3.c.o)
                0x000809ba                _close
 .text._fstat   0x000809c0        0xa C:\Users\vlrus\AppData\Local\Temp\VMBuilds\ultrasonicIPSReceiver\arduino_due_x_dbg\Debug/core.a(syscalls_sam3.c.o)
                0x000809c0                _fstat
 .text._isatty  0x000809ca        0x4 C:\Users\vlrus\AppData\Local\Temp\VMBuilds\ultrasonicIPSReceiver\arduino_due_x_dbg\Debug/core.a(syscalls_sam3.c.o)
                0x000809ca                _isatty
 .text._lseek   0x000809ce        0x4 C:\Users\vlrus\AppData\Local\Temp\VMBuilds\ultrasonicIPSReceiver\arduino_due_x_dbg\Debug/core.a(syscalls_sam3.c.o)
                0x000809ce                _lseek
 .text._read    0x000809d2        0x4 C:\Users\vlrus\AppData\Local\Temp\VMBuilds\ultrasonicIPSReceiver\arduino_due_x_dbg\Debug/core.a(syscalls_sam3.c.o)
                0x000809d2                _read
 *fill*         0x000809d6        0x2 
 .text._write   0x000809d8       0x24 C:\Users\vlrus\AppData\Local\Temp\VMBuilds\ultrasonicIPSReceiver\arduino_due_x_dbg\Debug/core.a(syscalls_sam3.c.o)
                0x000809d8                _write
 .text._exit    0x000809fc        0x2 C:\Users\vlrus\AppData\Local\Temp\VMBuilds\ultrasonicIPSReceiver\arduino_due_x_dbg\Debug/core.a(syscalls_sam3.c.o)
                0x000809fc                _exit
 .text._kill    0x000809fe        0x2 C:\Users\vlrus\AppData\Local\Temp\VMBuilds\ultrasonicIPSReceiver\arduino_due_x_dbg\Debug/core.a(syscalls_sam3.c.o)
                0x000809fe                _kill
 .text._getpid  0x00080a00        0x6 C:\Users\vlrus\AppData\Local\Temp\VMBuilds\ultrasonicIPSReceiver\arduino_due_x_dbg\Debug/core.a(syscalls_sam3.c.o)
                0x00080a00                _getpid
 .text.analogOutputInit
                0x00080a06        0x2 C:\Users\vlrus\AppData\Local\Temp\VMBuilds\ultrasonicIPSReceiver\arduino_due_x_dbg\Debug/core.a(wiring_analog.c.o)
                0x00080a06                analogOutputInit
 .text.pinMode  0x00080a08      0x108 C:\Users\vlrus\AppData\Local\Temp\VMBuilds\ultrasonicIPSReceiver\arduino_due_x_dbg\Debug/core.a(wiring_digital.c.o)
                0x00080a08                pinMode
 .text.digitalWrite
                0x00080b10       0x70 C:\Users\vlrus\AppData\Local\Temp\VMBuilds\ultrasonicIPSReceiver\arduino_due_x_dbg\Debug/core.a(wiring_digital.c.o)
                0x00080b10                digitalWrite
 .text.initVariant
                0x00080b80        0x2 C:\Users\vlrus\AppData\Local\Temp\VMBuilds\ultrasonicIPSReceiver\arduino_due_x_dbg\Debug/core.a(main.cpp.o)
                0x00080b80                initVariant
 *fill*         0x00080b82        0x2 
 .text.startup.main
                0x00080b84       0x38 C:\Users\vlrus\AppData\Local\Temp\VMBuilds\ultrasonicIPSReceiver\arduino_due_x_dbg\Debug/core.a(main.cpp.o)
                0x00080b84                main
 .text._Znaj    0x00080bbc        0x4 C:\Users\vlrus\AppData\Local\Temp\VMBuilds\ultrasonicIPSReceiver\arduino_due_x_dbg\Debug/core.a(new.cpp.o)
                0x00080bbc                operator new[](unsigned int)
 .text._ZN5Print5writeEPKhj
                0x00080bc0       0x22 C:\Users\vlrus\AppData\Local\Temp\VMBuilds\ultrasonicIPSReceiver\arduino_due_x_dbg\Debug/core.a(Print.cpp.o)
                0x00080bc0                Print::write(unsigned char const*, unsigned int)
 .text._ZN5Print5writeEPKc
                0x00080be2       0x1e C:\Users\vlrus\AppData\Local\Temp\VMBuilds\ultrasonicIPSReceiver\arduino_due_x_dbg\Debug/core.a(Print.cpp.o)
                0x00080be2                Print::write(char const*)
 .text._ZN5Print5printEc
                0x00080c00        0xa C:\Users\vlrus\AppData\Local\Temp\VMBuilds\ultrasonicIPSReceiver\arduino_due_x_dbg\Debug/core.a(Print.cpp.o)
                0x00080c00                Print::print(char)
 *fill*         0x00080c0a        0x2 
 .text._ZN5Print7printlnEv
                0x00080c0c       0x10 C:\Users\vlrus\AppData\Local\Temp\VMBuilds\ultrasonicIPSReceiver\arduino_due_x_dbg\Debug/core.a(Print.cpp.o)
                0x00080c0c                Print::println()
 .text._ZN5Print7printlnEPKc
                0x00080c1c       0x14 C:\Users\vlrus\AppData\Local\Temp\VMBuilds\ultrasonicIPSReceiver\arduino_due_x_dbg\Debug/core.a(Print.cpp.o)
                0x00080c1c                Print::println(char const*)
 .text._ZN5Print11printNumberEmh
                0x00080c30       0x3e C:\Users\vlrus\AppData\Local\Temp\VMBuilds\ultrasonicIPSReceiver\arduino_due_x_dbg\Debug/core.a(Print.cpp.o)
                0x00080c30                Print::printNumber(unsigned long, unsigned char)
 .text._ZN5Print5printEli
                0x00080c6e       0x3c C:\Users\vlrus\AppData\Local\Temp\VMBuilds\ultrasonicIPSReceiver\arduino_due_x_dbg\Debug/core.a(Print.cpp.o)
                0x00080c6e                Print::print(long, int)
 .text._ZN5Print7printlnEii
                0x00080caa       0x14 C:\Users\vlrus\AppData\Local\Temp\VMBuilds\ultrasonicIPSReceiver\arduino_due_x_dbg\Debug/core.a(Print.cpp.o)
                0x00080caa                Print::println(int, int)
 *fill*         0x00080cbe        0x2 
 .text.initiateReset
                0x00080cc0        0xc C:\Users\vlrus\AppData\Local\Temp\VMBuilds\ultrasonicIPSReceiver\arduino_due_x_dbg\Debug/core.a(Reset.cpp.o)
                0x00080cc0                initiateReset
 .text.cancelReset
                0x00080ccc       0x10 C:\Users\vlrus\AppData\Local\Temp\VMBuilds\ultrasonicIPSReceiver\arduino_due_x_dbg\Debug/core.a(Reset.cpp.o)
                0x00080ccc                cancelReset
 .text.tickReset
                0x00080cdc       0x20 C:\Users\vlrus\AppData\Local\Temp\VMBuilds\ultrasonicIPSReceiver\arduino_due_x_dbg\Debug/core.a(Reset.cpp.o)
                0x00080cdc                tickReset
 .text._ZN10RingBufferC2Ev
                0x00080cfc       0x1a C:\Users\vlrus\AppData\Local\Temp\VMBuilds\ultrasonicIPSReceiver\arduino_due_x_dbg\Debug/core.a(RingBuffer.cpp.o)
                0x00080cfc                RingBuffer::RingBuffer()
                0x00080cfc                RingBuffer::RingBuffer()
 .text._ZN10RingBuffer10store_charEh
                0x00080d16       0x1e C:\Users\vlrus\AppData\Local\Temp\VMBuilds\ultrasonicIPSReceiver\arduino_due_x_dbg\Debug/core.a(RingBuffer.cpp.o)
                0x00080d16                RingBuffer::store_char(unsigned char)
 .text._ZN9UARTClasscvbEv
                0x00080d34        0x4 C:\Users\vlrus\AppData\Local\Temp\VMBuilds\ultrasonicIPSReceiver\arduino_due_x_dbg\Debug/core.a(UARTClass.cpp.o)
                0x00080d34                UARTClass::operator bool()
 .text._ZN9UARTClass9availableEv
                0x00080d38       0x12 C:\Users\vlrus\AppData\Local\Temp\VMBuilds\ultrasonicIPSReceiver\arduino_due_x_dbg\Debug/core.a(UARTClass.cpp.o)
                0x00080d38                UARTClass::available()
 .text._ZN9UARTClass4peekEv
                0x00080d4a       0x1c C:\Users\vlrus\AppData\Local\Temp\VMBuilds\ultrasonicIPSReceiver\arduino_due_x_dbg\Debug/core.a(UARTClass.cpp.o)
                0x00080d4a                UARTClass::peek()
 .text._ZN9UARTClass4readEv
                0x00080d66       0x2a C:\Users\vlrus\AppData\Local\Temp\VMBuilds\ultrasonicIPSReceiver\arduino_due_x_dbg\Debug/core.a(UARTClass.cpp.o)
                0x00080d66                UARTClass::read()
 .text._ZN9UARTClass5flushEv
                0x00080d90       0x18 C:\Users\vlrus\AppData\Local\Temp\VMBuilds\ultrasonicIPSReceiver\arduino_due_x_dbg\Debug/core.a(UARTClass.cpp.o)
                0x00080d90                UARTClass::flush()
 .text._ZN9UARTClass5writeEh
                0x00080da8       0x54 C:\Users\vlrus\AppData\Local\Temp\VMBuilds\ultrasonicIPSReceiver\arduino_due_x_dbg\Debug/core.a(UARTClass.cpp.o)
                0x00080da8                UARTClass::write(unsigned char)
 .text._ZN9UARTClass3endEv
                0x00080dfc       0x3c C:\Users\vlrus\AppData\Local\Temp\VMBuilds\ultrasonicIPSReceiver\arduino_due_x_dbg\Debug/core.a(UARTClass.cpp.o)
                0x00080dfc                UARTClass::end()
 .text._ZN9UARTClassC2EP4Uart4IRQnmP10RingBufferS4_
                0x00080e38       0x24 C:\Users\vlrus\AppData\Local\Temp\VMBuilds\ultrasonicIPSReceiver\arduino_due_x_dbg\Debug/core.a(UARTClass.cpp.o)
                0x00080e38                UARTClass::UARTClass(Uart*, IRQn, unsigned long, RingBuffer*, RingBuffer*)
                0x00080e38                UARTClass::UARTClass(Uart*, IRQn, unsigned long, RingBuffer*, RingBuffer*)
 .text._ZN9UARTClass4initEmm
                0x00080e5c       0x70 C:\Users\vlrus\AppData\Local\Temp\VMBuilds\ultrasonicIPSReceiver\arduino_due_x_dbg\Debug/core.a(UARTClass.cpp.o)
                0x00080e5c                UARTClass::init(unsigned long, unsigned long)
 .text._ZN9UARTClass5beginEm
                0x00080ecc        0x8 C:\Users\vlrus\AppData\Local\Temp\VMBuilds\ultrasonicIPSReceiver\arduino_due_x_dbg\Debug/core.a(UARTClass.cpp.o)
                0x00080ecc                UARTClass::begin(unsigned long)
 .text._ZN9UARTClass10IrqHandlerEv
                0x00080ed4       0x5a C:\Users\vlrus\AppData\Local\Temp\VMBuilds\ultrasonicIPSReceiver\arduino_due_x_dbg\Debug/core.a(UARTClass.cpp.o)
                0x00080ed4                UARTClass::IrqHandler()
 .text._ZN10USARTClass5beginEm
                0x00080f2e        0x8 C:\Users\vlrus\AppData\Local\Temp\VMBuilds\ultrasonicIPSReceiver\arduino_due_x_dbg\Debug/core.a(USARTClass.cpp.o)
                0x00080f2e                USARTClass::begin(unsigned long)
 *fill*         0x00080f36        0x2 
 .text._ZN10USARTClassC2EP5Usart4IRQnmP10RingBufferS4_
                0x00080f38       0x24 C:\Users\vlrus\AppData\Local\Temp\VMBuilds\ultrasonicIPSReceiver\arduino_due_x_dbg\Debug/core.a(USARTClass.cpp.o)
                0x00080f38                USARTClass::USARTClass(Usart*, IRQn, unsigned long, RingBuffer*, RingBuffer*)
                0x00080f38                USARTClass::USARTClass(Usart*, IRQn, unsigned long, RingBuffer*, RingBuffer*)
 .text._watchdogDefaultSetup
                0x00080f5c        0xc C:\Users\vlrus\AppData\Local\Temp\VMBuilds\ultrasonicIPSReceiver\arduino_due_x_dbg\Debug/core.a(watchdog.cpp.o)
                0x00080f5c                _watchdogDefaultSetup
                0x00080f5c                watchdogSetup()
 .text.unlikely._ZL11USB_SendZlpv
                0x00080f68       0x20 C:\Users\vlrus\AppData\Local\Temp\VMBuilds\ultrasonicIPSReceiver\arduino_due_x_dbg\Debug/core.a(USBCore.cpp.o)
 .text._Z14USBD_Availablem
                0x00080f88       0x2c C:\Users\vlrus\AppData\Local\Temp\VMBuilds\ultrasonicIPSReceiver\arduino_due_x_dbg\Debug/core.a(USBCore.cpp.o)
                0x00080f88                USBD_Available(unsigned long)
 .text._Z9USBD_RecvmPvm
                0x00080fb4       0x7c C:\Users\vlrus\AppData\Local\Temp\VMBuilds\ultrasonicIPSReceiver\arduino_due_x_dbg\Debug/core.a(USBCore.cpp.o)
                0x00080fb4                USBD_Recv(unsigned long, void*, unsigned long)
 .text._Z9USBD_Recvm
                0x00081030       0x22 C:\Users\vlrus\AppData\Local\Temp\VMBuilds\ultrasonicIPSReceiver\arduino_due_x_dbg\Debug/core.a(USBCore.cpp.o)
                0x00081030                USBD_Recv(unsigned long)
 *fill*         0x00081052        0x2 
 .text._Z9USBD_SendmPKvm
                0x00081054       0x4c C:\Users\vlrus\AppData\Local\Temp\VMBuilds\ultrasonicIPSReceiver\arduino_due_x_dbg\Debug/core.a(USBCore.cpp.o)
                0x00081054                USBD_Send(unsigned long, void const*, unsigned long)
 .text._Z16USBD_SendControlhPKvm
                0x000810a0       0x40 C:\Users\vlrus\AppData\Local\Temp\VMBuilds\ultrasonicIPSReceiver\arduino_due_x_dbg\Debug/core.a(USBCore.cpp.o)
                0x000810a0                USBD_SendControl(unsigned char, void const*, unsigned long)
 .text.unlikely._ZL24USB_SendStringDescriptorPKhi
                0x000810e0       0x64 C:\Users\vlrus\AppData\Local\Temp\VMBuilds\ultrasonicIPSReceiver\arduino_due_x_dbg\Debug/core.a(USBCore.cpp.o)
 .text._Z16USBD_RecvControlPvm
                0x00081144       0x1c C:\Users\vlrus\AppData\Local\Temp\VMBuilds\ultrasonicIPSReceiver\arduino_due_x_dbg\Debug/core.a(USBCore.cpp.o)
                0x00081144                USBD_RecvControl(void*, unsigned long)
 .text._Z26USBD_ClassInterfaceRequestR8USBSetup
                0x00081160       0x1e C:\Users\vlrus\AppData\Local\Temp\VMBuilds\ultrasonicIPSReceiver\arduino_due_x_dbg\Debug/core.a(USBCore.cpp.o)
                0x00081160                USBD_ClassInterfaceRequest(USBSetup&)
 .text._Z19USBD_SendInterfacesv
                0x0008117e       0x22 C:\Users\vlrus\AppData\Local\Temp\VMBuilds\ultrasonicIPSReceiver\arduino_due_x_dbg\Debug/core.a(USBCore.cpp.o)
                0x0008117e                USBD_SendInterfaces()
 .text._Z24USBD_SendOtherInterfacesv
                0x000811a0       0x22 C:\Users\vlrus\AppData\Local\Temp\VMBuilds\ultrasonicIPSReceiver\arduino_due_x_dbg\Debug/core.a(USBCore.cpp.o)
                0x000811a0                USBD_SendOtherInterfaces()
 .text._Z10USBD_Flushm
                0x000811c2       0x16 C:\Users\vlrus\AppData\Local\Temp\VMBuilds\ultrasonicIPSReceiver\arduino_due_x_dbg\Debug/core.a(USBCore.cpp.o)
                0x000811c2                USBD_Flush(unsigned long)
 .text._ZN10USBDevice_C2Ev
                0x000811d8       0x24 C:\Users\vlrus\AppData\Local\Temp\VMBuilds\ultrasonicIPSReceiver\arduino_due_x_dbg\Debug/core.a(USBCore.cpp.o)
                0x000811d8                USBDevice_::USBDevice_()
                0x000811d8                USBDevice_::USBDevice_()
 .text._ZN10USBDevice_6attachEv
                0x000811fc       0x20 C:\Users\vlrus\AppData\Local\Temp\VMBuilds\ultrasonicIPSReceiver\arduino_due_x_dbg\Debug/core.a(USBCore.cpp.o)
                0x000811fc                USBDevice_::attach()
 .text.startup._GLOBAL__sub_I_EndPoints
                0x0008121c        0xc C:\Users\vlrus\AppData\Local\Temp\VMBuilds\ultrasonicIPSReceiver\arduino_due_x_dbg\Debug/core.a(USBCore.cpp.o)
 .text._ZL7USB_ISRv
                0x00081228      0x454 C:\Users\vlrus\AppData\Local\Temp\VMBuilds\ultrasonicIPSReceiver\arduino_due_x_dbg\Debug/core.a(USBCore.cpp.o)
 .text.delay    0x0008167c       0x1c C:\Users\vlrus\AppData\Local\Temp\VMBuilds\ultrasonicIPSReceiver\arduino_due_x_dbg\Debug/core.a(wiring.c.o)
                0x0008167c                delay
 .text._ZN7Serial_9availableEv
                0x00081698       0x18 C:\Users\vlrus\AppData\Local\Temp\VMBuilds\ultrasonicIPSReceiver\arduino_due_x_dbg\Debug/core.a(CDC.cpp.o)
                0x00081698                Serial_::available()
 .text._ZN7Serial_17availableForWriteEv
                0x000816b0        0x6 C:\Users\vlrus\AppData\Local\Temp\VMBuilds\ultrasonicIPSReceiver\arduino_due_x_dbg\Debug/core.a(CDC.cpp.o)
                0x000816b0                Serial_::availableForWrite()
 *fill*         0x000816b6        0x2 
 .text._ZN7Serial_4peekEv
                0x000816b8       0x20 C:\Users\vlrus\AppData\Local\Temp\VMBuilds\ultrasonicIPSReceiver\arduino_due_x_dbg\Debug/core.a(CDC.cpp.o)
                0x000816b8                Serial_::peek()
 .text._ZN7Serial_5writeEh
                0x000816d8       0x16 C:\Users\vlrus\AppData\Local\Temp\VMBuilds\ultrasonicIPSReceiver\arduino_due_x_dbg\Debug/core.a(CDC.cpp.o)
                0x000816d8                Serial_::write(unsigned char)
 *fill*         0x000816ee        0x2 
 .text._ZN7Serial_4readEv
                0x000816f0       0x44 C:\Users\vlrus\AppData\Local\Temp\VMBuilds\ultrasonicIPSReceiver\arduino_due_x_dbg\Debug/core.a(CDC.cpp.o)
                0x000816f0                Serial_::read()
 .text._ZN7Serial_5flushEv
                0x00081734        0x6 C:\Users\vlrus\AppData\Local\Temp\VMBuilds\ultrasonicIPSReceiver\arduino_due_x_dbg\Debug/core.a(CDC.cpp.o)
                0x00081734                Serial_::flush()
 *fill*         0x0008173a        0x2 
 .text._ZN7Serial_6acceptEv
                0x0008173c       0x70 C:\Users\vlrus\AppData\Local\Temp\VMBuilds\ultrasonicIPSReceiver\arduino_due_x_dbg\Debug/core.a(CDC.cpp.o)
                0x0008173c                Serial_::accept()
 .text._ZN7Serial_5writeEPKhj
                0x000817ac       0x2c C:\Users\vlrus\AppData\Local\Temp\VMBuilds\ultrasonicIPSReceiver\arduino_due_x_dbg\Debug/core.a(CDC.cpp.o)
                0x000817ac                Serial_::write(unsigned char const*, unsigned int)
 .text._Z16CDC_GetInterfacePh
                0x000817d8       0x14 C:\Users\vlrus\AppData\Local\Temp\VMBuilds\ultrasonicIPSReceiver\arduino_due_x_dbg\Debug/core.a(CDC.cpp.o)
                0x000817d8                CDC_GetInterface(unsigned char*)
 .text._Z21CDC_GetOtherInterfacePh
                0x000817ec       0x14 C:\Users\vlrus\AppData\Local\Temp\VMBuilds\ultrasonicIPSReceiver\arduino_due_x_dbg\Debug/core.a(CDC.cpp.o)
                0x000817ec                CDC_GetOtherInterface(unsigned char*)
 .text._Z9CDC_SetupR8USBSetup
                0x00081800       0x78 C:\Users\vlrus\AppData\Local\Temp\VMBuilds\ultrasonicIPSReceiver\arduino_due_x_dbg\Debug/core.a(CDC.cpp.o)
                0x00081800                CDC_Setup(USBSetup&)
 .text.startup._GLOBAL__sub_I_cdc_rx_buffer
                0x00081878       0x1c C:\Users\vlrus\AppData\Local\Temp\VMBuilds\ultrasonicIPSReceiver\arduino_due_x_dbg\Debug/core.a(CDC.cpp.o)
 .text._ZN13PluggableUSB_12getInterfaceEPh
                0x00081894       0x28 C:\Users\vlrus\AppData\Local\Temp\VMBuilds\ultrasonicIPSReceiver\arduino_due_x_dbg\Debug/core.a(PluggableUSB.cpp.o)
                0x00081894                PluggableUSB_::getInterface(unsigned char*)
 .text._ZN13PluggableUSB_13getDescriptorER8USBSetup
                0x000818bc       0x1c C:\Users\vlrus\AppData\Local\Temp\VMBuilds\ultrasonicIPSReceiver\arduino_due_x_dbg\Debug/core.a(PluggableUSB.cpp.o)
                0x000818bc                PluggableUSB_::getDescriptor(USBSetup&)
 .text._ZN13PluggableUSB_12getShortNameEPc
                0x000818d8       0x1c C:\Users\vlrus\AppData\Local\Temp\VMBuilds\ultrasonicIPSReceiver\arduino_due_x_dbg\Debug/core.a(PluggableUSB.cpp.o)
                0x000818d8                PluggableUSB_::getShortName(char*)
 .text._ZN13PluggableUSB_5setupER8USBSetup
                0x000818f4       0x20 C:\Users\vlrus\AppData\Local\Temp\VMBuilds\ultrasonicIPSReceiver\arduino_due_x_dbg\Debug/core.a(PluggableUSB.cpp.o)
                0x000818f4                PluggableUSB_::setup(USBSetup&)
 .text._Z12PluggableUSBv
                0x00081914       0x28 C:\Users\vlrus\AppData\Local\Temp\VMBuilds\ultrasonicIPSReceiver\arduino_due_x_dbg\Debug/core.a(PluggableUSB.cpp.o)
                0x00081914                PluggableUSB()
 .text.TimeTick_Increment
                0x0008193c       0x10 C:\Users\vlrus\AppData\Local\arduino15\packages\arduino\hardware\sam\1.6.12\variants\arduino_due_x/libsam_sam3x8e_gcc_rel.a(timetick.o)
                0x0008193c                TimeTick_Increment
 .text.GetTickCount
                0x0008194c        0xc C:\Users\vlrus\AppData\Local\arduino15\packages\arduino\hardware\sam\1.6.12\variants\arduino_due_x/libsam_sam3x8e_gcc_rel.a(timetick.o)
                0x0008194c                GetTickCount
 .text.WDT_Disable
                0x00081958        0x8 C:\Users\vlrus\AppData\Local\arduino15\packages\arduino\hardware\sam\1.6.12\variants\arduino_due_x/libsam_sam3x8e_gcc_rel.a(wdt.o)
                0x00081958                WDT_Disable
 .text.UDD_SetStack
                0x00081960        0xc C:\Users\vlrus\AppData\Local\arduino15\packages\arduino\hardware\sam\1.6.12\variants\arduino_due_x/libsam_sam3x8e_gcc_rel.a(uotghs_device.o)
                0x00081960                UDD_SetStack
 .text.UDD_Init
                0x0008196c       0xd0 C:\Users\vlrus\AppData\Local\arduino15\packages\arduino\hardware\sam\1.6.12\variants\arduino_due_x/libsam_sam3x8e_gcc_rel.a(uotghs_device.o)
                0x0008196c                UDD_Init
 .text.UDD_Attach
                0x00081a3c       0x50 C:\Users\vlrus\AppData\Local\arduino15\packages\arduino\hardware\sam\1.6.12\variants\arduino_due_x/libsam_sam3x8e_gcc_rel.a(uotghs_device.o)
                0x00081a3c                UDD_Attach
 .text.UDD_InitEP
                0x00081a8c       0x2c C:\Users\vlrus\AppData\Local\arduino15\packages\arduino\hardware\sam\1.6.12\variants\arduino_due_x/libsam_sam3x8e_gcc_rel.a(uotghs_device.o)
                0x00081a8c                UDD_InitEP
 .text.UDD_InitEndpoints
                0x00081ab8       0x3c C:\Users\vlrus\AppData\Local\arduino15\packages\arduino\hardware\sam\1.6.12\variants\arduino_due_x/libsam_sam3x8e_gcc_rel.a(uotghs_device.o)
                0x00081ab8                UDD_InitEndpoints
 .text.UDD_WaitIN
                0x00081af4       0x10 C:\Users\vlrus\AppData\Local\arduino15\packages\arduino\hardware\sam\1.6.12\variants\arduino_due_x/libsam_sam3x8e_gcc_rel.a(uotghs_device.o)
                0x00081af4                UDD_WaitIN
 .text.UDD_WaitOUT
                0x00081b04       0x10 C:\Users\vlrus\AppData\Local\arduino15\packages\arduino\hardware\sam\1.6.12\variants\arduino_due_x/libsam_sam3x8e_gcc_rel.a(uotghs_device.o)
                0x00081b04                UDD_WaitOUT
 .text.UDD_ClearIN
                0x00081b14       0x18 C:\Users\vlrus\AppData\Local\arduino15\packages\arduino\hardware\sam\1.6.12\variants\arduino_due_x/libsam_sam3x8e_gcc_rel.a(uotghs_device.o)
                0x00081b14                UDD_ClearIN
 .text.UDD_ClearOUT
                0x00081b2c       0x18 C:\Users\vlrus\AppData\Local\arduino15\packages\arduino\hardware\sam\1.6.12\variants\arduino_due_x/libsam_sam3x8e_gcc_rel.a(uotghs_device.o)
                0x00081b2c                UDD_ClearOUT
 .text.UDD_ReceivedSetupInt
                0x00081b44       0x10 C:\Users\vlrus\AppData\Local\arduino15\packages\arduino\hardware\sam\1.6.12\variants\arduino_due_x/libsam_sam3x8e_gcc_rel.a(uotghs_device.o)
                0x00081b44                UDD_ReceivedSetupInt
 .text.UDD_ClearSetupInt
                0x00081b54       0x10 C:\Users\vlrus\AppData\Local\arduino15\packages\arduino\hardware\sam\1.6.12\variants\arduino_due_x/libsam_sam3x8e_gcc_rel.a(uotghs_device.o)
                0x00081b54                UDD_ClearSetupInt
 .text.UDD_Send
                0x00081b64       0x88 C:\Users\vlrus\AppData\Local\arduino15\packages\arduino\hardware\sam\1.6.12\variants\arduino_due_x/libsam_sam3x8e_gcc_rel.a(uotghs_device.o)
                0x00081b64                UDD_Send
 .text.UDD_Send8
                0x00081bec       0x24 C:\Users\vlrus\AppData\Local\arduino15\packages\arduino\hardware\sam\1.6.12\variants\arduino_due_x/libsam_sam3x8e_gcc_rel.a(uotghs_device.o)
                0x00081bec                UDD_Send8
 .text.UDD_Recv8
                0x00081c10       0x28 C:\Users\vlrus\AppData\Local\arduino15\packages\arduino\hardware\sam\1.6.12\variants\arduino_due_x/libsam_sam3x8e_gcc_rel.a(uotghs_device.o)
                0x00081c10                UDD_Recv8
 .text.UDD_Recv
                0x00081c38       0x34 C:\Users\vlrus\AppData\Local\arduino15\packages\arduino\hardware\sam\1.6.12\variants\arduino_due_x/libsam_sam3x8e_gcc_rel.a(uotghs_device.o)
                0x00081c38                UDD_Recv
 .text.UDD_Stall
                0x00081c6c       0x14 C:\Users\vlrus\AppData\Local\arduino15\packages\arduino\hardware\sam\1.6.12\variants\arduino_due_x/libsam_sam3x8e_gcc_rel.a(uotghs_device.o)
                0x00081c6c                UDD_Stall
 .text.UDD_FifoByteCount
                0x00081c80       0x14 C:\Users\vlrus\AppData\Local\arduino15\packages\arduino\hardware\sam\1.6.12\variants\arduino_due_x/libsam_sam3x8e_gcc_rel.a(uotghs_device.o)
                0x00081c80                UDD_FifoByteCount
 .text.UDD_ReleaseRX
                0x00081c94       0x28 C:\Users\vlrus\AppData\Local\arduino15\packages\arduino\hardware\sam\1.6.12\variants\arduino_due_x/libsam_sam3x8e_gcc_rel.a(uotghs_device.o)
                0x00081c94                UDD_ReleaseRX
 .text.UDD_ReleaseTX
                0x00081cbc       0x28 C:\Users\vlrus\AppData\Local\arduino15\packages\arduino\hardware\sam\1.6.12\variants\arduino_due_x/libsam_sam3x8e_gcc_rel.a(uotghs_device.o)
                0x00081cbc                UDD_ReleaseTX
 .text.UDD_SetAddress
                0x00081ce4       0x20 C:\Users\vlrus\AppData\Local\arduino15\packages\arduino\hardware\sam\1.6.12\variants\arduino_due_x/libsam_sam3x8e_gcc_rel.a(uotghs_device.o)
                0x00081ce4                UDD_SetAddress
 .text.__libc_init_array
                0x00081d04       0x50 c:/users/vlrus/appdata/local/arduino15/packages/arduino/tools/arm-none-eabi-gcc/4.8.3-2014q1/bin/../lib/gcc/arm-none-eabi/4.8.3/../../../../arm-none-eabi/lib/armv7-m\libc.a(lib_a-init.o)
                0x00081d04                __libc_init_array
 .text.malloc   0x00081d54       0x10 c:/users/vlrus/appdata/local/arduino15/packages/arduino/tools/arm-none-eabi-gcc/4.8.3-2014q1/bin/../lib/gcc/arm-none-eabi/4.8.3/../../../../arm-none-eabi/lib/armv7-m\libc.a(lib_a-malloc.o)
                0x00081d54                malloc
 .text._malloc_r
                0x00081d64      0x538 c:/users/vlrus/appdata/local/arduino15/packages/arduino/tools/arm-none-eabi-gcc/4.8.3-2014q1/bin/../lib/gcc/arm-none-eabi/4.8.3/../../../../arm-none-eabi/lib/armv7-m\libc.a(lib_a-mallocr.o)
                0x00081d64                _malloc_r
 .text.memset   0x0008229c       0x94 c:/users/vlrus/appdata/local/arduino15/packages/arduino/tools/arm-none-eabi-gcc/4.8.3-2014q1/bin/../lib/gcc/arm-none-eabi/4.8.3/../../../../arm-none-eabi/lib/armv7-m\libc.a(lib_a-memset.o)
                0x0008229c                memset
 .text.__malloc_lock
                0x00082330        0x4 c:/users/vlrus/appdata/local/arduino15/packages/arduino/tools/arm-none-eabi-gcc/4.8.3-2014q1/bin/../lib/gcc/arm-none-eabi/4.8.3/../../../../arm-none-eabi/lib/armv7-m\libc.a(lib_a-mlock.o)
                0x00082330                __malloc_lock
 .text.__malloc_unlock
                0x00082334        0x4 c:/users/vlrus/appdata/local/arduino15/packages/arduino/tools/arm-none-eabi-gcc/4.8.3-2014q1/bin/../lib/gcc/arm-none-eabi/4.8.3/../../../../arm-none-eabi/lib/armv7-m\libc.a(lib_a-mlock.o)
                0x00082334                __malloc_unlock
 .text._sbrk_r  0x00082338       0x24 c:/users/vlrus/appdata/local/arduino15/packages/arduino/tools/arm-none-eabi-gcc/4.8.3-2014q1/bin/../lib/gcc/arm-none-eabi/4.8.3/../../../../arm-none-eabi/lib/armv7-m\libc.a(lib_a-sbrkr.o)
                0x00082338                _sbrk_r
 .text.strlen   0x0008235c       0x60 c:/users/vlrus/appdata/local/arduino15/packages/arduino/tools/arm-none-eabi-gcc/4.8.3-2014q1/bin/../lib/gcc/arm-none-eabi/4.8.3/../../../../arm-none-eabi/lib/armv7-m\libc.a(lib_a-strlen.o)
                0x0008235c                strlen
 .text.kill     0x000823bc       0x10 c:/users/vlrus/appdata/local/arduino15/packages/arduino/tools/arm-none-eabi-gcc/4.8.3-2014q1/bin/../lib/gcc/arm-none-eabi/4.8.3/../../../../arm-none-eabi/lib/armv7-m\libc.a(lib_a-syskill.o)
                0x000823bc                kill
 .text.startup.register_fini
                0x000823cc       0x14 c:/users/vlrus/appdata/local/arduino15/packages/arduino/tools/arm-none-eabi-gcc/4.8.3-2014q1/bin/../lib/gcc/arm-none-eabi/4.8.3/../../../../arm-none-eabi/lib/armv7-m\libc.a(lib_a-__call_atexit.o)
 .text.atexit   0x000823e0        0xc c:/users/vlrus/appdata/local/arduino15/packages/arduino/tools/arm-none-eabi-gcc/4.8.3-2014q1/bin/../lib/gcc/arm-none-eabi/4.8.3/../../../../arm-none-eabi/lib/armv7-m\libc.a(lib_a-atexit.o)
                0x000823e0                atexit
 .text.__libc_fini_array
                0x000823ec       0x30 c:/users/vlrus/appdata/local/arduino15/packages/arduino/tools/arm-none-eabi-gcc/4.8.3-2014q1/bin/../lib/gcc/arm-none-eabi/4.8.3/../../../../arm-none-eabi/lib/armv7-m\libc.a(lib_a-fini.o)
                0x000823ec                __libc_fini_array
 .text._malloc_trim_r
                0x0008241c       0x9c c:/users/vlrus/appdata/local/arduino15/packages/arduino/tools/arm-none-eabi-gcc/4.8.3-2014q1/bin/../lib/gcc/arm-none-eabi/4.8.3/../../../../arm-none-eabi/lib/armv7-m\libc.a(lib_a-freer.o)
                0x0008241c                _malloc_trim_r
 .text._free_r  0x000824b8      0x198 c:/users/vlrus/appdata/local/arduino15/packages/arduino/tools/arm-none-eabi-gcc/4.8.3-2014q1/bin/../lib/gcc/arm-none-eabi/4.8.3/../../../../arm-none-eabi/lib/armv7-m\libc.a(lib_a-freer.o)
                0x000824b8                _free_r
 .text._kill_r  0x00082650       0x28 c:/users/vlrus/appdata/local/arduino15/packages/arduino/tools/arm-none-eabi-gcc/4.8.3-2014q1/bin/../lib/gcc/arm-none-eabi/4.8.3/../../../../arm-none-eabi/lib/armv7-m\libc.a(lib_a-signalr.o)
                0x00082650                _kill_r
 .text.__register_exitproc
                0x00082678       0xa8 c:/users/vlrus/appdata/local/arduino15/packages/arduino/tools/arm-none-eabi-gcc/4.8.3-2014q1/bin/../lib/gcc/arm-none-eabi/4.8.3/../../../../arm-none-eabi/lib/armv7-m\libc.a(lib_a-__atexit.o)
                0x00082678                __register_exitproc
 *(.glue_7t)
 .glue_7t       0x00000000        0x0 linker stubs
 *(.glue_7)
 .glue_7        0x00000000        0x0 linker stubs
 *(.rodata .rodata* .gnu.linkonce.r.*)
 .rodata.str1.1
                0x00082720        0xe ultrasonicIPSReceiver.cpp.o
 *fill*         0x0008272e        0x2 
 .rodata.g_APinDescription
                0x00082730      0xa2c C:\Users\vlrus\AppData\Local\Temp\VMBCore\arduino20x\4e1271add3247afb6b50ad8f4d39c800\variant\variant.cpp.o
                0x00082730                g_APinDescription
 .rodata        0x0008315c       0x40 C:\Users\vlrus\AppData\Local\arduino15\packages\arduino\hardware\sam\1.6.12\variants\arduino_due_x/libsam_sam3x8e_gcc_rel.a(adc.o)
 .rodata.str1.1
                0x0008319c        0xf C:\Users\vlrus\AppData\Local\Temp\VMBuilds\ultrasonicIPSReceiver\arduino_due_x_dbg\Debug/core.a(Print.cpp.o)
 *fill*         0x000831ab        0x5 
 .rodata._ZTV9UARTClass
                0x000831b0       0x30 C:\Users\vlrus\AppData\Local\Temp\VMBuilds\ultrasonicIPSReceiver\arduino_due_x_dbg\Debug/core.a(UARTClass.cpp.o)
                0x000831b0                vtable for UARTClass
 .rodata._ZTV10USARTClass
                0x000831e0       0x30 C:\Users\vlrus\AppData\Local\Temp\VMBuilds\ultrasonicIPSReceiver\arduino_due_x_dbg\Debug/core.a(USARTClass.cpp.o)
                0x000831e0                vtable for USARTClass
 .rodata.STRING_PRODUCT
                0x00083210        0xc C:\Users\vlrus\AppData\Local\Temp\VMBuilds\ultrasonicIPSReceiver\arduino_due_x_dbg\Debug/core.a(USBCore.cpp.o)
                0x00083210                STRING_PRODUCT
 .rodata.USB_DeviceDescriptor
                0x0008321c       0x12 C:\Users\vlrus\AppData\Local\Temp\VMBuilds\ultrasonicIPSReceiver\arduino_due_x_dbg\Debug/core.a(USBCore.cpp.o)
                0x0008321c                USB_DeviceDescriptor
 .rodata.STRING_LANGUAGE
                0x0008322e        0x4 C:\Users\vlrus\AppData\Local\Temp\VMBuilds\ultrasonicIPSReceiver\arduino_due_x_dbg\Debug/core.a(USBCore.cpp.o)
                0x0008322e                STRING_LANGUAGE
 .rodata._ZL18test_packet_buffer
                0x00083232       0x35 C:\Users\vlrus\AppData\Local\Temp\VMBuilds\ultrasonicIPSReceiver\arduino_due_x_dbg\Debug/core.a(USBCore.cpp.o)
 .rodata.STRING_MANUFACTURER
                0x00083267        0xc C:\Users\vlrus\AppData\Local\Temp\VMBuilds\ultrasonicIPSReceiver\arduino_due_x_dbg\Debug/core.a(USBCore.cpp.o)
                0x00083267                STRING_MANUFACTURER
 .rodata.USB_DeviceDescriptorA
                0x00083273       0x12 C:\Users\vlrus\AppData\Local\Temp\VMBuilds\ultrasonicIPSReceiver\arduino_due_x_dbg\Debug/core.a(USBCore.cpp.o)
                0x00083273                USB_DeviceDescriptorA
 .rodata._ZL19USB_DeviceQualifier
                0x00083285        0x9 C:\Users\vlrus\AppData\Local\Temp\VMBuilds\ultrasonicIPSReceiver\arduino_due_x_dbg\Debug/core.a(USBCore.cpp.o)
 *fill*         0x0008328e        0x2 
 .rodata._ZTV7Serial_
                0x00083290       0x28 C:\Users\vlrus\AppData\Local\Temp\VMBuilds\ultrasonicIPSReceiver\arduino_due_x_dbg\Debug/core.a(CDC.cpp.o)
                0x00083290                vtable for Serial_
 .rodata._ZL18_cdcOtherInterface
                0x000832b8       0x42 C:\Users\vlrus\AppData\Local\Temp\VMBuilds\ultrasonicIPSReceiver\arduino_due_x_dbg\Debug/core.a(CDC.cpp.o)
 .rodata._ZL13_cdcInterface
                0x000832fa       0x42 C:\Users\vlrus\AppData\Local\Temp\VMBuilds\ultrasonicIPSReceiver\arduino_due_x_dbg\Debug/core.a(CDC.cpp.o)
 .rodata.str1.4
                0x0008333c        0x4 c:/users/vlrus/appdata/local/arduino15/packages/arduino/tools/arm-none-eabi-gcc/4.8.3-2014q1/bin/../lib/gcc/arm-none-eabi/4.8.3/../../../../arm-none-eabi/lib/armv7-m\libc.a(lib_a-impure.o)
 .rodata._global_impure_ptr
                0x00083340        0x4 c:/users/vlrus/appdata/local/arduino15/packages/arduino/tools/arm-none-eabi-gcc/4.8.3-2014q1/bin/../lib/gcc/arm-none-eabi/4.8.3/../../../../arm-none-eabi/lib/armv7-m\libc.a(lib_a-impure.o)
                0x00083340                _global_impure_ptr
 *(.ARM.extab* .gnu.linkonce.armextab.*)
                0x00083344                . = ALIGN (0x4)
 *(.init)
 .init          0x00083344        0x4 c:/users/vlrus/appdata/local/arduino15/packages/arduino/tools/arm-none-eabi-gcc/4.8.3-2014q1/bin/../lib/gcc/arm-none-eabi/4.8.3/armv7-m/crti.o
                0x00083344                _init
 .init          0x00083348        0x8 c:/users/vlrus/appdata/local/arduino15/packages/arduino/tools/arm-none-eabi-gcc/4.8.3-2014q1/bin/../lib/gcc/arm-none-eabi/4.8.3/armv7-m/crtn.o
                0x00083350                . = ALIGN (0x4)
                0x00083350                __preinit_array_start = .
 *(.preinit_array)
                0x00083350                __preinit_array_end = .
                0x00083350                . = ALIGN (0x4)
                0x00083350                __init_array_start = .
 *(SORT(.init_array.*))
 .init_array.00000
                0x00083350        0x4 c:/users/vlrus/appdata/local/arduino15/packages/arduino/tools/arm-none-eabi-gcc/4.8.3-2014q1/bin/../lib/gcc/arm-none-eabi/4.8.3/../../../../arm-none-eabi/lib/armv7-m\libc.a(lib_a-__call_atexit.o)
 *(.init_array)
 .init_array    0x00083354        0x4 c:/users/vlrus/appdata/local/arduino15/packages/arduino/tools/arm-none-eabi-gcc/4.8.3-2014q1/bin/../lib/gcc/arm-none-eabi/4.8.3/armv7-m/crtbegin.o
 .init_array    0x00083358        0x4 ultrasonicIPSReceiver.cpp.o
 .init_array    0x0008335c        0x4 C:\Users\vlrus\AppData\Local\Temp\VMBCore\arduino20x\4e1271add3247afb6b50ad8f4d39c800\variant\variant.cpp.o
 .init_array    0x00083360        0x4 C:\Users\vlrus\AppData\Local\Temp\VMBuilds\ultrasonicIPSReceiver\arduino_due_x_dbg\Debug/core.a(USBCore.cpp.o)
 .init_array    0x00083364        0x4 C:\Users\vlrus\AppData\Local\Temp\VMBuilds\ultrasonicIPSReceiver\arduino_due_x_dbg\Debug/core.a(CDC.cpp.o)
                0x00083368                __init_array_end = .
                0x00083368                . = ALIGN (0x4)
 *crtbegin.o(.ctors)
 *(EXCLUDE_FILE(*crtend.o) .ctors)
 *(SORT(.ctors.*))
 *crtend.o(.ctors)
                0x00083368                . = ALIGN (0x4)
 *(.fini)
 .fini          0x00083368        0x4 c:/users/vlrus/appdata/local/arduino15/packages/arduino/tools/arm-none-eabi-gcc/4.8.3-2014q1/bin/../lib/gcc/arm-none-eabi/4.8.3/armv7-m/crti.o
                0x00083368                _fini
 .fini          0x0008336c        0x8 c:/users/vlrus/appdata/local/arduino15/packages/arduino/tools/arm-none-eabi-gcc/4.8.3-2014q1/bin/../lib/gcc/arm-none-eabi/4.8.3/armv7-m/crtn.o
                0x00083374                . = ALIGN (0x4)
                0x00083374                __fini_array_start = .
 *(.fini_array)
 .fini_array    0x00083374        0x4 c:/users/vlrus/appdata/local/arduino15/packages/arduino/tools/arm-none-eabi-gcc/4.8.3-2014q1/bin/../lib/gcc/arm-none-eabi/4.8.3/armv7-m/crtbegin.o
 *(SORT(.fini_array.*))
                0x00083378                __fini_array_end = .
 *crtbegin.o(.dtors)
 *(EXCLUDE_FILE(*crtend.o) .dtors)
 *(SORT(.dtors.*))
 *crtend.o(.dtors)
                0x00083378                . = ALIGN (0x4)
                0x00083378                _efixed = .
                0x00083378                PROVIDE (__exidx_start, .)

.vfp11_veneer   0x00083378        0x0
 .vfp11_veneer  0x00000000        0x0 linker stubs

.v4_bx          0x00083378        0x0
 .v4_bx         0x00000000        0x0 linker stubs

.iplt           0x00083378        0x0
 .iplt          0x00000000        0x0 c:/users/vlrus/appdata/local/arduino15/packages/arduino/tools/arm-none-eabi-gcc/4.8.3-2014q1/bin/../lib/gcc/arm-none-eabi/4.8.3/armv7-m/crtbegin.o

.eh_frame       0x00083378        0x0
 .eh_frame      0x00083378        0x0 c:/users/vlrus/appdata/local/arduino15/packages/arduino/tools/arm-none-eabi-gcc/4.8.3-2014q1/bin/../lib/gcc/arm-none-eabi/4.8.3/armv7-m/crtbegin.o

.rel.dyn        0x00083378        0x0
 .rel.iplt      0x00000000        0x0 c:/users/vlrus/appdata/local/arduino15/packages/arduino/tools/arm-none-eabi-gcc/4.8.3-2014q1/bin/../lib/gcc/arm-none-eabi/4.8.3/armv7-m/crtbegin.o

.jcr            0x00083378        0x0
 .jcr           0x00083378        0x0 c:/users/vlrus/appdata/local/arduino15/packages/arduino/tools/arm-none-eabi-gcc/4.8.3-2014q1/bin/../lib/gcc/arm-none-eabi/4.8.3/armv7-m/crtbegin.o

.igot.plt       0x00083378        0x0
 .igot.plt      0x00000000        0x0 c:/users/vlrus/appdata/local/arduino15/packages/arduino/tools/arm-none-eabi-gcc/4.8.3-2014q1/bin/../lib/gcc/arm-none-eabi/4.8.3/armv7-m/crtbegin.o

.ARM.exidx
 *(.ARM.exidx* .gnu.linkonce.armexidx.*)
                0x00083378                PROVIDE (__exidx_end, .)
                0x00083378                . = ALIGN (0x4)
                0x00083378                _etext = .

.relocate       0x20070000      0x8ac load address 0x00083378
                0x20070000                . = ALIGN (0x4)
                0x20070000                _srelocate = .
 *(.ramfunc .ramfunc.*)
 .ramfunc       0x20070000       0x2c C:\Users\vlrus\AppData\Local\Temp\VMBuilds\ultrasonicIPSReceiver\arduino_due_x_dbg\Debug/core.a(Reset.cpp.o)
                0x20070000                banzai
 *(.data .data.*)
 .data.SystemCoreClock
                0x2007002c        0x4 C:\Users\vlrus\AppData\Local\arduino15\packages\arduino\hardware\sam\1.6.12\variants\arduino_due_x/libsam_sam3x8e_gcc_rel.a(system_sam3xa.o)
                0x2007002c                SystemCoreClock
 .data._ZL5ticks
                0x20070030        0x4 C:\Users\vlrus\AppData\Local\Temp\VMBuilds\ultrasonicIPSReceiver\arduino_due_x_dbg\Debug/core.a(Reset.cpp.o)
 .data.EndPoints
                0x20070034       0x28 C:\Users\vlrus\AppData\Local\Temp\VMBuilds\ultrasonicIPSReceiver\arduino_due_x_dbg\Debug/core.a(USBCore.cpp.o)
                0x20070034                EndPoints
 .data._ZL10breakValue
                0x2007005c        0x4 C:\Users\vlrus\AppData\Local\Temp\VMBuilds\ultrasonicIPSReceiver\arduino_due_x_dbg\Debug/core.a(CDC.cpp.o)
 .data._ZL12_usbLineInfo
                0x20070060        0x8 C:\Users\vlrus\AppData\Local\Temp\VMBuilds\ultrasonicIPSReceiver\arduino_due_x_dbg\Debug/core.a(CDC.cpp.o)
 .data.g_interrupt_enabled
                0x20070068        0x4 C:\Users\vlrus\AppData\Local\arduino15\packages\arduino\hardware\sam\1.6.12\variants\arduino_due_x/libsam_sam3x8e_gcc_rel.a(interrupt_sam_nvic.o)
                0x20070068                g_interrupt_enabled
 *fill*         0x2007006c        0x4 
 .data.impure_data
                0x20070070      0x428 c:/users/vlrus/appdata/local/arduino15/packages/arduino/tools/arm-none-eabi-gcc/4.8.3-2014q1/bin/../lib/gcc/arm-none-eabi/4.8.3/../../../../arm-none-eabi/lib/armv7-m\libc.a(lib_a-impure.o)
 .data._impure_ptr
                0x20070498        0x4 c:/users/vlrus/appdata/local/arduino15/packages/arduino/tools/arm-none-eabi-gcc/4.8.3-2014q1/bin/../lib/gcc/arm-none-eabi/4.8.3/../../../../arm-none-eabi/lib/armv7-m\libc.a(lib_a-impure.o)
                0x20070498                _impure_ptr
 .data.__malloc_av_
                0x2007049c      0x408 c:/users/vlrus/appdata/local/arduino15/packages/arduino/tools/arm-none-eabi-gcc/4.8.3-2014q1/bin/../lib/gcc/arm-none-eabi/4.8.3/../../../../arm-none-eabi/lib/armv7-m\libc.a(lib_a-mallocr.o)
                0x2007049c                __malloc_av_
 .data.__malloc_trim_threshold
                0x200708a4        0x4 c:/users/vlrus/appdata/local/arduino15/packages/arduino/tools/arm-none-eabi-gcc/4.8.3-2014q1/bin/../lib/gcc/arm-none-eabi/4.8.3/../../../../arm-none-eabi/lib/armv7-m\libc.a(lib_a-mallocr.o)
                0x200708a4                __malloc_trim_threshold
 .data.__malloc_sbrk_base
                0x200708a8        0x4 c:/users/vlrus/appdata/local/arduino15/packages/arduino/tools/arm-none-eabi-gcc/4.8.3-2014q1/bin/../lib/gcc/arm-none-eabi/4.8.3/../../../../arm-none-eabi/lib/armv7-m\libc.a(lib_a-mallocr.o)
                0x200708a8                __malloc_sbrk_base
                0x200708ac                . = ALIGN (0x4)
                0x200708ac                _erelocate = .

.bss            0x200708ac     0x1054 load address 0x00083c24
                0x200708ac                . = ALIGN (0x4)
                0x200708ac                _sbss = .
                0x200708ac                _szero = .
 *(.bss .bss.*)
 .bss           0x200708ac       0x1c c:/users/vlrus/appdata/local/arduino15/packages/arduino/tools/arm-none-eabi-gcc/4.8.3-2014q1/bin/../lib/gcc/arm-none-eabi/4.8.3/armv7-m/crtbegin.o
 .bss.previousCount
                0x200708c8        0x4 ultrasonicIPSReceiver.cpp.o
                0x200708c8                previousCount
 .bss.sampleFilter
                0x200708cc       0x14 ultrasonicIPSReceiver.cpp.o
                0x200708cc                sampleFilter
 .bss.timerCount
                0x200708e0        0x4 ultrasonicIPSReceiver.cpp.o
                0x200708e0                timerCount
 .bss.previousBufferIndex
                0x200708e4        0x4 ultrasonicIPSReceiver.cpp.o
                0x200708e4                previousBufferIndex
 .bss._ZZ11TC2_HandlerE10lightCount
                0x200708e8        0x4 ultrasonicIPSReceiver.cpp.o
 .bss.currentBufferIndex
                0x200708ec        0x4 ultrasonicIPSReceiver.cpp.o
                0x200708ec                currentBufferIndex
 .bss.sampleBuffer
                0x200708f0      0x800 ultrasonicIPSReceiver.cpp.o
                0x200708f0                sampleBuffer
 .bss.timerDifference
                0x200710f0        0x2 ultrasonicIPSReceiver.cpp.o
                0x200710f0                timerDifference
 *fill*         0x200710f2        0x2 
 .bss.tx_buffer2
                0x200710f4       0x88 C:\Users\vlrus\AppData\Local\Temp\VMBCore\arduino20x\4e1271add3247afb6b50ad8f4d39c800\variant\variant.cpp.o
                0x200710f4                tx_buffer2
 .bss.tx_buffer1
                0x2007117c       0x88 C:\Users\vlrus\AppData\Local\Temp\VMBCore\arduino20x\4e1271add3247afb6b50ad8f4d39c800\variant\variant.cpp.o
                0x2007117c                tx_buffer1
 .bss.Serial    0x20071204       0x24 C:\Users\vlrus\AppData\Local\Temp\VMBCore\arduino20x\4e1271add3247afb6b50ad8f4d39c800\variant\variant.cpp.o
                0x20071204                Serial
 .bss.rx_buffer1
                0x20071228       0x88 C:\Users\vlrus\AppData\Local\Temp\VMBCore\arduino20x\4e1271add3247afb6b50ad8f4d39c800\variant\variant.cpp.o
                0x20071228                rx_buffer1
 .bss.Serial1   0x200712b0       0x28 C:\Users\vlrus\AppData\Local\Temp\VMBCore\arduino20x\4e1271add3247afb6b50ad8f4d39c800\variant\variant.cpp.o
                0x200712b0                Serial1
 .bss.Serial2   0x200712d8       0x28 C:\Users\vlrus\AppData\Local\Temp\VMBCore\arduino20x\4e1271add3247afb6b50ad8f4d39c800\variant\variant.cpp.o
                0x200712d8                Serial2
 .bss.Serial3   0x20071300       0x28 C:\Users\vlrus\AppData\Local\Temp\VMBCore\arduino20x\4e1271add3247afb6b50ad8f4d39c800\variant\variant.cpp.o
                0x20071300                Serial3
 .bss.tx_buffer3
                0x20071328       0x88 C:\Users\vlrus\AppData\Local\Temp\VMBCore\arduino20x\4e1271add3247afb6b50ad8f4d39c800\variant\variant.cpp.o
                0x20071328                tx_buffer3
 .bss.tx_buffer4
                0x200713b0       0x88 C:\Users\vlrus\AppData\Local\Temp\VMBCore\arduino20x\4e1271add3247afb6b50ad8f4d39c800\variant\variant.cpp.o
                0x200713b0                tx_buffer4
 .bss.g_pinStatus
                0x20071438       0x4f C:\Users\vlrus\AppData\Local\Temp\VMBCore\arduino20x\4e1271add3247afb6b50ad8f4d39c800\variant\variant.cpp.o
                0x20071438                g_pinStatus
 *fill*         0x20071487        0x1 
 .bss.rx_buffer2
                0x20071488       0x88 C:\Users\vlrus\AppData\Local\Temp\VMBCore\arduino20x\4e1271add3247afb6b50ad8f4d39c800\variant\variant.cpp.o
                0x20071488                rx_buffer2
 .bss.rx_buffer3
                0x20071510       0x88 C:\Users\vlrus\AppData\Local\Temp\VMBCore\arduino20x\4e1271add3247afb6b50ad8f4d39c800\variant\variant.cpp.o
                0x20071510                rx_buffer3
 .bss.rx_buffer4
                0x20071598       0x88 C:\Users\vlrus\AppData\Local\Temp\VMBCore\arduino20x\4e1271add3247afb6b50ad8f4d39c800\variant\variant.cpp.o
                0x20071598                rx_buffer4
 .bss.gpf_isr   0x20071620        0x4 C:\Users\vlrus\AppData\Local\arduino15\packages\arduino\hardware\sam\1.6.12\variants\arduino_due_x/libsam_sam3x8e_gcc_rel.a(uotghs.o)
                0x20071620                gpf_isr
 .bss.heap.6420
                0x20071624        0x4 C:\Users\vlrus\AppData\Local\Temp\VMBuilds\ultrasonicIPSReceiver\arduino_due_x_dbg\Debug/core.a(syscalls_sam3.c.o)
 .bss._cmark    0x20071628        0x2 C:\Users\vlrus\AppData\Local\Temp\VMBuilds\ultrasonicIPSReceiver\arduino_due_x_dbg\Debug/core.a(USBCore.cpp.o)
                0x20071628                _cmark
 .bss._ZL14isEndpointHalt
                0x2007162a        0x1 C:\Users\vlrus\AppData\Local\Temp\VMBuilds\ultrasonicIPSReceiver\arduino_due_x_dbg\Debug/core.a(USBCore.cpp.o)
 *fill*         0x2007162b        0x1 
 .bss._cdcComposite
                0x2007162c        0x4 C:\Users\vlrus\AppData\Local\Temp\VMBuilds\ultrasonicIPSReceiver\arduino_due_x_dbg\Debug/core.a(USBCore.cpp.o)
                0x2007162c                _cdcComposite
 .bss._ZL21isRemoteWakeUpEnabled
                0x20071630        0x1 C:\Users\vlrus\AppData\Local\Temp\VMBuilds\ultrasonicIPSReceiver\arduino_due_x_dbg\Debug/core.a(USBCore.cpp.o)
 *fill*         0x20071631        0x3 
 .bss._usbInitialized
                0x20071634        0x4 C:\Users\vlrus\AppData\Local\Temp\VMBuilds\ultrasonicIPSReceiver\arduino_due_x_dbg\Debug/core.a(USBCore.cpp.o)
                0x20071634                _usbInitialized
 .bss.USBDevice
                0x20071638        0x1 C:\Users\vlrus\AppData\Local\Temp\VMBuilds\ultrasonicIPSReceiver\arduino_due_x_dbg\Debug/core.a(USBCore.cpp.o)
                0x20071638                USBDevice
 *fill*         0x20071639        0x3 
 .bss._usbSetInterface
                0x2007163c        0x4 C:\Users\vlrus\AppData\Local\Temp\VMBuilds\ultrasonicIPSReceiver\arduino_due_x_dbg\Debug/core.a(USBCore.cpp.o)
                0x2007163c                _usbSetInterface
 .bss._cend     0x20071640        0x2 C:\Users\vlrus\AppData\Local\Temp\VMBuilds\ultrasonicIPSReceiver\arduino_due_x_dbg\Debug/core.a(USBCore.cpp.o)
                0x20071640                _cend
 *fill*         0x20071642        0x2 
 .bss._usbConfiguration
                0x20071644        0x4 C:\Users\vlrus\AppData\Local\Temp\VMBuilds\ultrasonicIPSReceiver\arduino_due_x_dbg\Debug/core.a(USBCore.cpp.o)
                0x20071644                _usbConfiguration
 .bss.cdc_rx_buffer
                0x20071648      0x208 C:\Users\vlrus\AppData\Local\Temp\VMBuilds\ultrasonicIPSReceiver\arduino_due_x_dbg\Debug/core.a(CDC.cpp.o)
                0x20071648                cdc_rx_buffer
 .bss._ZZN7Serial_6acceptEvE5guard
                0x20071850        0x4 C:\Users\vlrus\AppData\Local\Temp\VMBuilds\ultrasonicIPSReceiver\arduino_due_x_dbg\Debug/core.a(CDC.cpp.o)
 .bss.SerialUSB
                0x20071854       0x14 C:\Users\vlrus\AppData\Local\Temp\VMBuilds\ultrasonicIPSReceiver\arduino_due_x_dbg\Debug/core.a(CDC.cpp.o)
                0x20071854                SerialUSB
 .bss._ZZ12PluggableUSBvE3obj
                0x20071868        0x8 C:\Users\vlrus\AppData\Local\Temp\VMBuilds\ultrasonicIPSReceiver\arduino_due_x_dbg\Debug/core.a(PluggableUSB.cpp.o)
 .bss._ZGVZ12PluggableUSBvE3obj
                0x20071870        0x4 C:\Users\vlrus\AppData\Local\Temp\VMBuilds\ultrasonicIPSReceiver\arduino_due_x_dbg\Debug/core.a(PluggableUSB.cpp.o)
 .bss._dwTickCount
                0x20071874        0x4 C:\Users\vlrus\AppData\Local\arduino15\packages\arduino\hardware\sam\1.6.12\variants\arduino_due_x/libsam_sam3x8e_gcc_rel.a(timetick.o)
 .bss.ul_recv_fifo_ptr
                0x20071878       0x28 C:\Users\vlrus\AppData\Local\arduino15\packages\arduino\hardware\sam\1.6.12\variants\arduino_due_x/libsam_sam3x8e_gcc_rel.a(uotghs_device.o)
 .bss.ul_send_fifo_ptr
                0x200718a0       0x28 C:\Users\vlrus\AppData\Local\arduino15\packages\arduino\hardware\sam\1.6.12\variants\arduino_due_x/libsam_sam3x8e_gcc_rel.a(uotghs_device.o)
 .bss.__malloc_max_total_mem
                0x200718c8        0x4 c:/users/vlrus/appdata/local/arduino15/packages/arduino/tools/arm-none-eabi-gcc/4.8.3-2014q1/bin/../lib/gcc/arm-none-eabi/4.8.3/../../../../arm-none-eabi/lib/armv7-m\libc.a(lib_a-mallocr.o)
                0x200718c8                __malloc_max_total_mem
 .bss.__malloc_max_sbrked_mem
                0x200718cc        0x4 c:/users/vlrus/appdata/local/arduino15/packages/arduino/tools/arm-none-eabi-gcc/4.8.3-2014q1/bin/../lib/gcc/arm-none-eabi/4.8.3/../../../../arm-none-eabi/lib/armv7-m\libc.a(lib_a-mallocr.o)
                0x200718cc                __malloc_max_sbrked_mem
 .bss.__malloc_top_pad
                0x200718d0        0x4 c:/users/vlrus/appdata/local/arduino15/packages/arduino/tools/arm-none-eabi-gcc/4.8.3-2014q1/bin/../lib/gcc/arm-none-eabi/4.8.3/../../../../arm-none-eabi/lib/armv7-m\libc.a(lib_a-mallocr.o)
                0x200718d0                __malloc_top_pad
 .bss.__malloc_current_mallinfo
                0x200718d4       0x28 c:/users/vlrus/appdata/local/arduino15/packages/arduino/tools/arm-none-eabi-gcc/4.8.3-2014q1/bin/../lib/gcc/arm-none-eabi/4.8.3/../../../../arm-none-eabi/lib/armv7-m\libc.a(lib_a-mallocr.o)
                0x200718d4                __malloc_current_mallinfo
 *(COMMON)
 COMMON         0x200718fc        0x4 c:/users/vlrus/appdata/local/arduino15/packages/arduino/tools/arm-none-eabi-gcc/4.8.3-2014q1/bin/../lib/gcc/arm-none-eabi/4.8.3/../../../../arm-none-eabi/lib/armv7-m\libc.a(lib_a-reent.o)
                0x200718fc                errno
                0x20071900                . = ALIGN (0x4)
                0x20071900                _ebss = .
                0x20071900                _ezero = .
                0x20071900                . = ALIGN (0x4)
                0x20071900                _end = .

.stack_dummy    0x20071900        0x0
 *(.stack*)
                0x20088000                __StackTop = (ORIGIN (ram) + 0x18000)
                0x20088000                __StackLimit = (__StackTop - SIZEOF (.stack_dummy))
                0x20088000                PROVIDE (_sstack, __StackLimit)
                0x20088000                PROVIDE (_estack, __StackTop)
OUTPUT(C:\Users\vlrus\AppData\Local\Temp\VMBuilds\ultrasonicIPSReceiver\arduino_due_x_dbg\Debug/ultrasonicIPSReceiver.ino.elf elf32-littlearm)

.ARM.attributes
                0x00000000       0x29
 .ARM.attributes
                0x00000000       0x1d c:/users/vlrus/appdata/local/arduino15/packages/arduino/tools/arm-none-eabi-gcc/4.8.3-2014q1/bin/../lib/gcc/arm-none-eabi/4.8.3/armv7-m/crti.o
 .ARM.attributes
                0x0000001d       0x2d c:/users/vlrus/appdata/local/arduino15/packages/arduino/tools/arm-none-eabi-gcc/4.8.3-2014q1/bin/../lib/gcc/arm-none-eabi/4.8.3/armv7-m/crtbegin.o
 .ARM.attributes
                0x0000004a       0x33 ultrasonicIPSReceiver.cpp.o
 .ARM.attributes
                0x0000007d       0x33 movingAvg\movingAvg.cpp.o
 .ARM.attributes
                0x000000b0       0x33 C:\Users\vlrus\AppData\Local\Temp\VMBCore\arduino20x\4e1271add3247afb6b50ad8f4d39c800\variant\variant.cpp.o
 .ARM.attributes
                0x000000e3       0x33 C:\Users\vlrus\AppData\Local\arduino15\packages\arduino\hardware\sam\1.6.12\variants\arduino_due_x/libsam_sam3x8e_gcc_rel.a(pio.o)
 .ARM.attributes
                0x00000116       0x33 C:\Users\vlrus\AppData\Local\arduino15\packages\arduino\hardware\sam\1.6.12\variants\arduino_due_x/libsam_sam3x8e_gcc_rel.a(pmc.o)
 .ARM.attributes
                0x00000149       0x33 C:\Users\vlrus\AppData\Local\arduino15\packages\arduino\hardware\sam\1.6.12\variants\arduino_due_x/libsam_sam3x8e_gcc_rel.a(system_sam3xa.o)
 .ARM.attributes
                0x0000017c       0x33 C:\Users\vlrus\AppData\Local\arduino15\packages\arduino\hardware\sam\1.6.12\variants\arduino_due_x/libsam_sam3x8e_gcc_rel.a(startup_sam3xa.o)
 .ARM.attributes
                0x000001af       0x33 C:\Users\vlrus\AppData\Local\arduino15\packages\arduino\hardware\sam\1.6.12\variants\arduino_due_x/libsam_sam3x8e_gcc_rel.a(adc.o)
 .ARM.attributes
                0x000001e2       0x33 C:\Users\vlrus\AppData\Local\arduino15\packages\arduino\hardware\sam\1.6.12\variants\arduino_due_x/libsam_sam3x8e_gcc_rel.a(uotghs.o)
 .ARM.attributes
                0x00000215       0x33 C:\Users\vlrus\AppData\Local\Temp\VMBuilds\ultrasonicIPSReceiver\arduino_due_x_dbg\Debug/core.a(cortex_handlers.c.o)
 .ARM.attributes
                0x00000248       0x33 C:\Users\vlrus\AppData\Local\Temp\VMBuilds\ultrasonicIPSReceiver\arduino_due_x_dbg\Debug/core.a(hooks.c.o)
 .ARM.attributes
                0x0000027b       0x33 C:\Users\vlrus\AppData\Local\Temp\VMBuilds\ultrasonicIPSReceiver\arduino_due_x_dbg\Debug/core.a(syscalls_sam3.c.o)
 .ARM.attributes
                0x000002ae       0x33 C:\Users\vlrus\AppData\Local\Temp\VMBuilds\ultrasonicIPSReceiver\arduino_due_x_dbg\Debug/core.a(wiring_analog.c.o)
 .ARM.attributes
                0x000002e1       0x33 C:\Users\vlrus\AppData\Local\Temp\VMBuilds\ultrasonicIPSReceiver\arduino_due_x_dbg\Debug/core.a(wiring_digital.c.o)
 .ARM.attributes
                0x00000314       0x33 C:\Users\vlrus\AppData\Local\Temp\VMBuilds\ultrasonicIPSReceiver\arduino_due_x_dbg\Debug/core.a(main.cpp.o)
 .ARM.attributes
                0x00000347       0x33 C:\Users\vlrus\AppData\Local\Temp\VMBuilds\ultrasonicIPSReceiver\arduino_due_x_dbg\Debug/core.a(new.cpp.o)
 .ARM.attributes
                0x0000037a       0x33 C:\Users\vlrus\AppData\Local\Temp\VMBuilds\ultrasonicIPSReceiver\arduino_due_x_dbg\Debug/core.a(Print.cpp.o)
 .ARM.attributes
                0x000003ad       0x33 C:\Users\vlrus\AppData\Local\Temp\VMBuilds\ultrasonicIPSReceiver\arduino_due_x_dbg\Debug/core.a(Reset.cpp.o)
 .ARM.attributes
                0x000003e0       0x33 C:\Users\vlrus\AppData\Local\Temp\VMBuilds\ultrasonicIPSReceiver\arduino_due_x_dbg\Debug/core.a(RingBuffer.cpp.o)
 .ARM.attributes
                0x00000413       0x33 C:\Users\vlrus\AppData\Local\Temp\VMBuilds\ultrasonicIPSReceiver\arduino_due_x_dbg\Debug/core.a(UARTClass.cpp.o)
 .ARM.attributes
                0x00000446       0x33 C:\Users\vlrus\AppData\Local\Temp\VMBuilds\ultrasonicIPSReceiver\arduino_due_x_dbg\Debug/core.a(USARTClass.cpp.o)
 .ARM.attributes
                0x00000479       0x33 C:\Users\vlrus\AppData\Local\Temp\VMBuilds\ultrasonicIPSReceiver\arduino_due_x_dbg\Debug/core.a(watchdog.cpp.o)
 .ARM.attributes
                0x000004ac       0x33 C:\Users\vlrus\AppData\Local\Temp\VMBuilds\ultrasonicIPSReceiver\arduino_due_x_dbg\Debug/core.a(USBCore.cpp.o)
 .ARM.attributes
                0x000004df       0x33 C:\Users\vlrus\AppData\Local\Temp\VMBuilds\ultrasonicIPSReceiver\arduino_due_x_dbg\Debug/core.a(wiring.c.o)
 .ARM.attributes
                0x00000512       0x33 C:\Users\vlrus\AppData\Local\Temp\VMBuilds\ultrasonicIPSReceiver\arduino_due_x_dbg\Debug/core.a(CDC.cpp.o)
 .ARM.attributes
                0x00000545       0x33 C:\Users\vlrus\AppData\Local\Temp\VMBuilds\ultrasonicIPSReceiver\arduino_due_x_dbg\Debug/core.a(PluggableUSB.cpp.o)
 .ARM.attributes
                0x00000578       0x33 C:\Users\vlrus\AppData\Local\arduino15\packages\arduino\hardware\sam\1.6.12\variants\arduino_due_x/libsam_sam3x8e_gcc_rel.a(timetick.o)
 .ARM.attributes
                0x000005ab       0x33 C:\Users\vlrus\AppData\Local\arduino15\packages\arduino\hardware\sam\1.6.12\variants\arduino_due_x/libsam_sam3x8e_gcc_rel.a(wdt.o)
 .ARM.attributes
                0x000005de       0x33 C:\Users\vlrus\AppData\Local\arduino15\packages\arduino\hardware\sam\1.6.12\variants\arduino_due_x/libsam_sam3x8e_gcc_rel.a(interrupt_sam_nvic.o)
 .ARM.attributes
                0x00000611       0x33 C:\Users\vlrus\AppData\Local\arduino15\packages\arduino\hardware\sam\1.6.12\variants\arduino_due_x/libsam_sam3x8e_gcc_rel.a(uotghs_device.o)
 .ARM.attributes
                0x00000644       0x2d c:/users/vlrus/appdata/local/arduino15/packages/arduino/tools/arm-none-eabi-gcc/4.8.3-2014q1/bin/../lib/gcc/arm-none-eabi/4.8.3/../../../../arm-none-eabi/lib/armv7-m\libc.a(lib_a-impure.o)
 .ARM.attributes
                0x00000671       0x2d c:/users/vlrus/appdata/local/arduino15/packages/arduino/tools/arm-none-eabi-gcc/4.8.3-2014q1/bin/../lib/gcc/arm-none-eabi/4.8.3/../../../../arm-none-eabi/lib/armv7-m\libc.a(lib_a-init.o)
 .ARM.attributes
                0x0000069e       0x2d c:/users/vlrus/appdata/local/arduino15/packages/arduino/tools/arm-none-eabi-gcc/4.8.3-2014q1/bin/../lib/gcc/arm-none-eabi/4.8.3/../../../../arm-none-eabi/lib/armv7-m\libc.a(lib_a-malloc.o)
 .ARM.attributes
                0x000006cb       0x2d c:/users/vlrus/appdata/local/arduino15/packages/arduino/tools/arm-none-eabi-gcc/4.8.3-2014q1/bin/../lib/gcc/arm-none-eabi/4.8.3/../../../../arm-none-eabi/lib/armv7-m\libc.a(lib_a-mallocr.o)
 .ARM.attributes
                0x000006f8       0x2d c:/users/vlrus/appdata/local/arduino15/packages/arduino/tools/arm-none-eabi-gcc/4.8.3-2014q1/bin/../lib/gcc/arm-none-eabi/4.8.3/../../../../arm-none-eabi/lib/armv7-m\libc.a(lib_a-memset.o)
 .ARM.attributes
                0x00000725       0x2d c:/users/vlrus/appdata/local/arduino15/packages/arduino/tools/arm-none-eabi-gcc/4.8.3-2014q1/bin/../lib/gcc/arm-none-eabi/4.8.3/../../../../arm-none-eabi/lib/armv7-m\libc.a(lib_a-mlock.o)
 .ARM.attributes
                0x00000752       0x2d c:/users/vlrus/appdata/local/arduino15/packages/arduino/tools/arm-none-eabi-gcc/4.8.3-2014q1/bin/../lib/gcc/arm-none-eabi/4.8.3/../../../../arm-none-eabi/lib/armv7-m\libc.a(lib_a-sbrkr.o)
 .ARM.attributes
                0x0000077f       0x2d c:/users/vlrus/appdata/local/arduino15/packages/arduino/tools/arm-none-eabi-gcc/4.8.3-2014q1/bin/../lib/gcc/arm-none-eabi/4.8.3/../../../../arm-none-eabi/lib/armv7-m\libc.a(lib_a-strlen.o)
 .ARM.attributes
                0x000007ac       0x2d c:/users/vlrus/appdata/local/arduino15/packages/arduino/tools/arm-none-eabi-gcc/4.8.3-2014q1/bin/../lib/gcc/arm-none-eabi/4.8.3/../../../../arm-none-eabi/lib/armv7-m\libc.a(lib_a-syskill.o)
 .ARM.attributes
                0x000007d9       0x2d c:/users/vlrus/appdata/local/arduino15/packages/arduino/tools/arm-none-eabi-gcc/4.8.3-2014q1/bin/../lib/gcc/arm-none-eabi/4.8.3/../../../../arm-none-eabi/lib/armv7-m\libc.a(lib_a-__call_atexit.o)
 .ARM.attributes
                0x00000806       0x2d c:/users/vlrus/appdata/local/arduino15/packages/arduino/tools/arm-none-eabi-gcc/4.8.3-2014q1/bin/../lib/gcc/arm-none-eabi/4.8.3/../../../../arm-none-eabi/lib/armv7-m\libc.a(lib_a-atexit.o)
 .ARM.attributes
                0x00000833       0x2d c:/users/vlrus/appdata/local/arduino15/packages/arduino/tools/arm-none-eabi-gcc/4.8.3-2014q1/bin/../lib/gcc/arm-none-eabi/4.8.3/../../../../arm-none-eabi/lib/armv7-m\libc.a(lib_a-fini.o)
 .ARM.attributes
                0x00000860       0x2d c:/users/vlrus/appdata/local/arduino15/packages/arduino/tools/arm-none-eabi-gcc/4.8.3-2014q1/bin/../lib/gcc/arm-none-eabi/4.8.3/../../../../arm-none-eabi/lib/armv7-m\libc.a(lib_a-freer.o)
 .ARM.attributes
                0x0000088d       0x2d c:/users/vlrus/appdata/local/arduino15/packages/arduino/tools/arm-none-eabi-gcc/4.8.3-2014q1/bin/../lib/gcc/arm-none-eabi/4.8.3/../../../../arm-none-eabi/lib/armv7-m\libc.a(lib_a-reent.o)
 .ARM.attributes
                0x000008ba       0x2d c:/users/vlrus/appdata/local/arduino15/packages/arduino/tools/arm-none-eabi-gcc/4.8.3-2014q1/bin/../lib/gcc/arm-none-eabi/4.8.3/../../../../arm-none-eabi/lib/armv7-m\libc.a(lib_a-signalr.o)
 .ARM.attributes
                0x000008e7       0x2d c:/users/vlrus/appdata/local/arduino15/packages/arduino/tools/arm-none-eabi-gcc/4.8.3-2014q1/bin/../lib/gcc/arm-none-eabi/4.8.3/../../../../arm-none-eabi/lib/armv7-m\libc.a(lib_a-__atexit.o)
 .ARM.attributes
                0x00000914       0x1d c:/users/vlrus/appdata/local/arduino15/packages/arduino/tools/arm-none-eabi-gcc/4.8.3-2014q1/bin/../lib/gcc/arm-none-eabi/4.8.3/armv7-m/crtn.o

.comment        0x00000000       0x70
 .comment       0x00000000       0x70 ultrasonicIPSReceiver.cpp.o
                                 0x71 (size before relaxing)
 .comment       0x00000000       0x71 movingAvg\movingAvg.cpp.o
 .comment       0x00000000       0x71 C:\Users\vlrus\AppData\Local\Temp\VMBCore\arduino20x\4e1271add3247afb6b50ad8f4d39c800\variant\variant.cpp.o
 .comment       0x00000000       0x71 C:\Users\vlrus\AppData\Local\arduino15\packages\arduino\hardware\sam\1.6.12\variants\arduino_due_x/libsam_sam3x8e_gcc_rel.a(pio.o)
 .comment       0x00000000       0x71 C:\Users\vlrus\AppData\Local\arduino15\packages\arduino\hardware\sam\1.6.12\variants\arduino_due_x/libsam_sam3x8e_gcc_rel.a(pmc.o)
 .comment       0x00000000       0x71 C:\Users\vlrus\AppData\Local\arduino15\packages\arduino\hardware\sam\1.6.12\variants\arduino_due_x/libsam_sam3x8e_gcc_rel.a(system_sam3xa.o)
 .comment       0x00000000       0x71 C:\Users\vlrus\AppData\Local\arduino15\packages\arduino\hardware\sam\1.6.12\variants\arduino_due_x/libsam_sam3x8e_gcc_rel.a(startup_sam3xa.o)
 .comment       0x00000000       0x71 C:\Users\vlrus\AppData\Local\arduino15\packages\arduino\hardware\sam\1.6.12\variants\arduino_due_x/libsam_sam3x8e_gcc_rel.a(adc.o)
 .comment       0x00000000       0x71 C:\Users\vlrus\AppData\Local\arduino15\packages\arduino\hardware\sam\1.6.12\variants\arduino_due_x/libsam_sam3x8e_gcc_rel.a(uotghs.o)
 .comment       0x00000000       0x71 C:\Users\vlrus\AppData\Local\Temp\VMBuilds\ultrasonicIPSReceiver\arduino_due_x_dbg\Debug/core.a(cortex_handlers.c.o)
 .comment       0x00000000       0x71 C:\Users\vlrus\AppData\Local\Temp\VMBuilds\ultrasonicIPSReceiver\arduino_due_x_dbg\Debug/core.a(hooks.c.o)
 .comment       0x00000000       0x71 C:\Users\vlrus\AppData\Local\Temp\VMBuilds\ultrasonicIPSReceiver\arduino_due_x_dbg\Debug/core.a(syscalls_sam3.c.o)
 .comment       0x00000000       0x71 C:\Users\vlrus\AppData\Local\Temp\VMBuilds\ultrasonicIPSReceiver\arduino_due_x_dbg\Debug/core.a(wiring_analog.c.o)
 .comment       0x00000000       0x71 C:\Users\vlrus\AppData\Local\Temp\VMBuilds\ultrasonicIPSReceiver\arduino_due_x_dbg\Debug/core.a(wiring_digital.c.o)
 .comment       0x00000000       0x71 C:\Users\vlrus\AppData\Local\Temp\VMBuilds\ultrasonicIPSReceiver\arduino_due_x_dbg\Debug/core.a(main.cpp.o)
 .comment       0x00000000       0x71 C:\Users\vlrus\AppData\Local\Temp\VMBuilds\ultrasonicIPSReceiver\arduino_due_x_dbg\Debug/core.a(new.cpp.o)
 .comment       0x00000000       0x71 C:\Users\vlrus\AppData\Local\Temp\VMBuilds\ultrasonicIPSReceiver\arduino_due_x_dbg\Debug/core.a(Print.cpp.o)
 .comment       0x00000000       0x71 C:\Users\vlrus\AppData\Local\Temp\VMBuilds\ultrasonicIPSReceiver\arduino_due_x_dbg\Debug/core.a(Reset.cpp.o)
 .comment       0x00000000       0x71 C:\Users\vlrus\AppData\Local\Temp\VMBuilds\ultrasonicIPSReceiver\arduino_due_x_dbg\Debug/core.a(RingBuffer.cpp.o)
 .comment       0x00000000       0x71 C:\Users\vlrus\AppData\Local\Temp\VMBuilds\ultrasonicIPSReceiver\arduino_due_x_dbg\Debug/core.a(UARTClass.cpp.o)
 .comment       0x00000000       0x71 C:\Users\vlrus\AppData\Local\Temp\VMBuilds\ultrasonicIPSReceiver\arduino_due_x_dbg\Debug/core.a(USARTClass.cpp.o)
 .comment       0x00000000       0x71 C:\Users\vlrus\AppData\Local\Temp\VMBuilds\ultrasonicIPSReceiver\arduino_due_x_dbg\Debug/core.a(watchdog.cpp.o)
 .comment       0x00000000       0x71 C:\Users\vlrus\AppData\Local\Temp\VMBuilds\ultrasonicIPSReceiver\arduino_due_x_dbg\Debug/core.a(USBCore.cpp.o)
 .comment       0x00000000       0x71 C:\Users\vlrus\AppData\Local\Temp\VMBuilds\ultrasonicIPSReceiver\arduino_due_x_dbg\Debug/core.a(wiring.c.o)
 .comment       0x00000000       0x71 C:\Users\vlrus\AppData\Local\Temp\VMBuilds\ultrasonicIPSReceiver\arduino_due_x_dbg\Debug/core.a(CDC.cpp.o)
 .comment       0x00000000       0x71 C:\Users\vlrus\AppData\Local\Temp\VMBuilds\ultrasonicIPSReceiver\arduino_due_x_dbg\Debug/core.a(PluggableUSB.cpp.o)
 .comment       0x00000000       0x71 C:\Users\vlrus\AppData\Local\arduino15\packages\arduino\hardware\sam\1.6.12\variants\arduino_due_x/libsam_sam3x8e_gcc_rel.a(timetick.o)
 .comment       0x00000000       0x71 C:\Users\vlrus\AppData\Local\arduino15\packages\arduino\hardware\sam\1.6.12\variants\arduino_due_x/libsam_sam3x8e_gcc_rel.a(wdt.o)
 .comment       0x00000000       0x71 C:\Users\vlrus\AppData\Local\arduino15\packages\arduino\hardware\sam\1.6.12\variants\arduino_due_x/libsam_sam3x8e_gcc_rel.a(interrupt_sam_nvic.o)
 .comment       0x00000000       0x71 C:\Users\vlrus\AppData\Local\arduino15\packages\arduino\hardware\sam\1.6.12\variants\arduino_due_x/libsam_sam3x8e_gcc_rel.a(uotghs_device.o)

.debug_info     0x00000000    0x12748
 .debug_info    0x00000000     0x13b2 ultrasonicIPSReceiver.cpp.o
 .debug_info    0x000013b2      0x2b7 movingAvg\movingAvg.cpp.o
 .debug_info    0x00001669     0x1a43 C:\Users\vlrus\AppData\Local\Temp\VMBCore\arduino20x\4e1271add3247afb6b50ad8f4d39c800\variant\variant.cpp.o
 .debug_info    0x000030ac      0x2da C:\Users\vlrus\AppData\Local\Temp\VMBuilds\ultrasonicIPSReceiver\arduino_due_x_dbg\Debug/core.a(cortex_handlers.c.o)
 .debug_info    0x00003386       0x60 C:\Users\vlrus\AppData\Local\Temp\VMBuilds\ultrasonicIPSReceiver\arduino_due_x_dbg\Debug/core.a(hooks.c.o)
 .debug_info    0x000033e6      0x5f2 C:\Users\vlrus\AppData\Local\Temp\VMBuilds\ultrasonicIPSReceiver\arduino_due_x_dbg\Debug/core.a(syscalls_sam3.c.o)
 .debug_info    0x000039d8     0x1d7e C:\Users\vlrus\AppData\Local\Temp\VMBuilds\ultrasonicIPSReceiver\arduino_due_x_dbg\Debug/core.a(wiring_analog.c.o)
 .debug_info    0x00005756      0xe00 C:\Users\vlrus\AppData\Local\Temp\VMBuilds\ultrasonicIPSReceiver\arduino_due_x_dbg\Debug/core.a(wiring_digital.c.o)
 .debug_info    0x00006556      0x3cf C:\Users\vlrus\AppData\Local\Temp\VMBuilds\ultrasonicIPSReceiver\arduino_due_x_dbg\Debug/core.a(main.cpp.o)
 .debug_info    0x00006925      0x1a1 C:\Users\vlrus\AppData\Local\Temp\VMBuilds\ultrasonicIPSReceiver\arduino_due_x_dbg\Debug/core.a(new.cpp.o)
 .debug_info    0x00006ac6     0x27cd C:\Users\vlrus\AppData\Local\Temp\VMBuilds\ultrasonicIPSReceiver\arduino_due_x_dbg\Debug/core.a(Print.cpp.o)
 .debug_info    0x00009293      0x3df C:\Users\vlrus\AppData\Local\Temp\VMBuilds\ultrasonicIPSReceiver\arduino_due_x_dbg\Debug/core.a(Reset.cpp.o)
 .debug_info    0x00009672      0x1f6 C:\Users\vlrus\AppData\Local\Temp\VMBuilds\ultrasonicIPSReceiver\arduino_due_x_dbg\Debug/core.a(RingBuffer.cpp.o)
 .debug_info    0x00009868     0x24e3 C:\Users\vlrus\AppData\Local\Temp\VMBuilds\ultrasonicIPSReceiver\arduino_due_x_dbg\Debug/core.a(UARTClass.cpp.o)
 .debug_info    0x0000bd4b      0xbe2 C:\Users\vlrus\AppData\Local\Temp\VMBuilds\ultrasonicIPSReceiver\arduino_due_x_dbg\Debug/core.a(USARTClass.cpp.o)
 .debug_info    0x0000c92d      0x220 C:\Users\vlrus\AppData\Local\Temp\VMBuilds\ultrasonicIPSReceiver\arduino_due_x_dbg\Debug/core.a(watchdog.cpp.o)
 .debug_info    0x0000cb4d     0x209d C:\Users\vlrus\AppData\Local\Temp\VMBuilds\ultrasonicIPSReceiver\arduino_due_x_dbg\Debug/core.a(USBCore.cpp.o)
 .debug_info    0x0000ebea      0x52f C:\Users\vlrus\AppData\Local\Temp\VMBuilds\ultrasonicIPSReceiver\arduino_due_x_dbg\Debug/core.a(wiring.c.o)
 .debug_info    0x0000f119     0x2f8e C:\Users\vlrus\AppData\Local\Temp\VMBuilds\ultrasonicIPSReceiver\arduino_due_x_dbg\Debug/core.a(CDC.cpp.o)
 .debug_info    0x000120a7      0x6a1 C:\Users\vlrus\AppData\Local\Temp\VMBuilds\ultrasonicIPSReceiver\arduino_due_x_dbg\Debug/core.a(PluggableUSB.cpp.o)

.debug_abbrev   0x00000000     0x3675
 .debug_abbrev  0x00000000      0x40d ultrasonicIPSReceiver.cpp.o
 .debug_abbrev  0x0000040d      0x16e movingAvg\movingAvg.cpp.o
 .debug_abbrev  0x0000057b      0x3fc C:\Users\vlrus\AppData\Local\Temp\VMBCore\arduino20x\4e1271add3247afb6b50ad8f4d39c800\variant\variant.cpp.o
 .debug_abbrev  0x00000977      0x106 C:\Users\vlrus\AppData\Local\Temp\VMBuilds\ultrasonicIPSReceiver\arduino_due_x_dbg\Debug/core.a(cortex_handlers.c.o)
 .debug_abbrev  0x00000a7d       0x47 C:\Users\vlrus\AppData\Local\Temp\VMBuilds\ultrasonicIPSReceiver\arduino_due_x_dbg\Debug/core.a(hooks.c.o)
 .debug_abbrev  0x00000ac4      0x166 C:\Users\vlrus\AppData\Local\Temp\VMBuilds\ultrasonicIPSReceiver\arduino_due_x_dbg\Debug/core.a(syscalls_sam3.c.o)
 .debug_abbrev  0x00000c2a      0x2fb C:\Users\vlrus\AppData\Local\Temp\VMBuilds\ultrasonicIPSReceiver\arduino_due_x_dbg\Debug/core.a(wiring_analog.c.o)
 .debug_abbrev  0x00000f25      0x225 C:\Users\vlrus\AppData\Local\Temp\VMBuilds\ultrasonicIPSReceiver\arduino_due_x_dbg\Debug/core.a(wiring_digital.c.o)
 .debug_abbrev  0x0000114a      0x196 C:\Users\vlrus\AppData\Local\Temp\VMBuilds\ultrasonicIPSReceiver\arduino_due_x_dbg\Debug/core.a(main.cpp.o)
 .debug_abbrev  0x000012e0       0xda C:\Users\vlrus\AppData\Local\Temp\VMBuilds\ultrasonicIPSReceiver\arduino_due_x_dbg\Debug/core.a(new.cpp.o)
 .debug_abbrev  0x000013ba      0x4e0 C:\Users\vlrus\AppData\Local\Temp\VMBuilds\ultrasonicIPSReceiver\arduino_due_x_dbg\Debug/core.a(Print.cpp.o)
 .debug_abbrev  0x0000189a      0x14c C:\Users\vlrus\AppData\Local\Temp\VMBuilds\ultrasonicIPSReceiver\arduino_due_x_dbg\Debug/core.a(Reset.cpp.o)
 .debug_abbrev  0x000019e6      0x175 C:\Users\vlrus\AppData\Local\Temp\VMBuilds\ultrasonicIPSReceiver\arduino_due_x_dbg\Debug/core.a(RingBuffer.cpp.o)
 .debug_abbrev  0x00001b5b      0x53e C:\Users\vlrus\AppData\Local\Temp\VMBuilds\ultrasonicIPSReceiver\arduino_due_x_dbg\Debug/core.a(UARTClass.cpp.o)
 .debug_abbrev  0x00002099      0x2eb C:\Users\vlrus\AppData\Local\Temp\VMBuilds\ultrasonicIPSReceiver\arduino_due_x_dbg\Debug/core.a(USARTClass.cpp.o)
 .debug_abbrev  0x00002384      0x114 C:\Users\vlrus\AppData\Local\Temp\VMBuilds\ultrasonicIPSReceiver\arduino_due_x_dbg\Debug/core.a(watchdog.cpp.o)
 .debug_abbrev  0x00002498      0x6d3 C:\Users\vlrus\AppData\Local\Temp\VMBuilds\ultrasonicIPSReceiver\arduino_due_x_dbg\Debug/core.a(USBCore.cpp.o)
 .debug_abbrev  0x00002b6b      0x160 C:\Users\vlrus\AppData\Local\Temp\VMBuilds\ultrasonicIPSReceiver\arduino_due_x_dbg\Debug/core.a(wiring.c.o)
 .debug_abbrev  0x00002ccb      0x6f6 C:\Users\vlrus\AppData\Local\Temp\VMBuilds\ultrasonicIPSReceiver\arduino_due_x_dbg\Debug/core.a(CDC.cpp.o)
 .debug_abbrev  0x000033c1      0x2b4 C:\Users\vlrus\AppData\Local\Temp\VMBuilds\ultrasonicIPSReceiver\arduino_due_x_dbg\Debug/core.a(PluggableUSB.cpp.o)

.debug_loc      0x00000000     0x3a7e
 .debug_loc     0x00000000       0xf5 ultrasonicIPSReceiver.cpp.o
 .debug_loc     0x000000f5      0x124 movingAvg\movingAvg.cpp.o
 .debug_loc     0x00000219       0x8a C:\Users\vlrus\AppData\Local\Temp\VMBCore\arduino20x\4e1271add3247afb6b50ad8f4d39c800\variant\variant.cpp.o
 .debug_loc     0x000002a3      0x14a C:\Users\vlrus\AppData\Local\Temp\VMBuilds\ultrasonicIPSReceiver\arduino_due_x_dbg\Debug/core.a(syscalls_sam3.c.o)
 .debug_loc     0x000003ed      0x76c C:\Users\vlrus\AppData\Local\Temp\VMBuilds\ultrasonicIPSReceiver\arduino_due_x_dbg\Debug/core.a(wiring_analog.c.o)
 .debug_loc     0x00000b59      0x1eb C:\Users\vlrus\AppData\Local\Temp\VMBuilds\ultrasonicIPSReceiver\arduino_due_x_dbg\Debug/core.a(wiring_digital.c.o)
 .debug_loc     0x00000d44       0x84 C:\Users\vlrus\AppData\Local\Temp\VMBuilds\ultrasonicIPSReceiver\arduino_due_x_dbg\Debug/core.a(new.cpp.o)
 .debug_loc     0x00000dc8     0x117a C:\Users\vlrus\AppData\Local\Temp\VMBuilds\ultrasonicIPSReceiver\arduino_due_x_dbg\Debug/core.a(Print.cpp.o)
 .debug_loc     0x00001f42       0x1e C:\Users\vlrus\AppData\Local\Temp\VMBuilds\ultrasonicIPSReceiver\arduino_due_x_dbg\Debug/core.a(RingBuffer.cpp.o)
 .debug_loc     0x00001f60      0x42b C:\Users\vlrus\AppData\Local\Temp\VMBuilds\ultrasonicIPSReceiver\arduino_due_x_dbg\Debug/core.a(UARTClass.cpp.o)
 .debug_loc     0x0000238b      0x230 C:\Users\vlrus\AppData\Local\Temp\VMBuilds\ultrasonicIPSReceiver\arduino_due_x_dbg\Debug/core.a(USARTClass.cpp.o)
 .debug_loc     0x000025bb       0x69 C:\Users\vlrus\AppData\Local\Temp\VMBuilds\ultrasonicIPSReceiver\arduino_due_x_dbg\Debug/core.a(watchdog.cpp.o)
 .debug_loc     0x00002624      0xb08 C:\Users\vlrus\AppData\Local\Temp\VMBuilds\ultrasonicIPSReceiver\arduino_due_x_dbg\Debug/core.a(USBCore.cpp.o)
 .debug_loc     0x0000312c       0xfc C:\Users\vlrus\AppData\Local\Temp\VMBuilds\ultrasonicIPSReceiver\arduino_due_x_dbg\Debug/core.a(wiring.c.o)
 .debug_loc     0x00003228      0x638 C:\Users\vlrus\AppData\Local\Temp\VMBuilds\ultrasonicIPSReceiver\arduino_due_x_dbg\Debug/core.a(CDC.cpp.o)
 .debug_loc     0x00003860      0x21e C:\Users\vlrus\AppData\Local\Temp\VMBuilds\ultrasonicIPSReceiver\arduino_due_x_dbg\Debug/core.a(PluggableUSB.cpp.o)

.debug_aranges  0x00000000      0x730
 .debug_aranges
                0x00000000       0x58 ultrasonicIPSReceiver.cpp.o
 .debug_aranges
                0x00000058       0x40 movingAvg\movingAvg.cpp.o
 .debug_aranges
                0x00000098       0x70 C:\Users\vlrus\AppData\Local\Temp\VMBCore\arduino20x\4e1271add3247afb6b50ad8f4d39c800\variant\variant.cpp.o
 .debug_aranges
                0x00000108       0x38 C:\Users\vlrus\AppData\Local\Temp\VMBuilds\ultrasonicIPSReceiver\arduino_due_x_dbg\Debug/core.a(cortex_handlers.c.o)
 .debug_aranges
                0x00000140       0x30 C:\Users\vlrus\AppData\Local\Temp\VMBuilds\ultrasonicIPSReceiver\arduino_due_x_dbg\Debug/core.a(hooks.c.o)
 .debug_aranges
                0x00000170       0x70 C:\Users\vlrus\AppData\Local\Temp\VMBuilds\ultrasonicIPSReceiver\arduino_due_x_dbg\Debug/core.a(syscalls_sam3.c.o)
 .debug_aranges
                0x000001e0       0x50 C:\Users\vlrus\AppData\Local\Temp\VMBuilds\ultrasonicIPSReceiver\arduino_due_x_dbg\Debug/core.a(wiring_analog.c.o)
 .debug_aranges
                0x00000230       0x30 C:\Users\vlrus\AppData\Local\Temp\VMBuilds\ultrasonicIPSReceiver\arduino_due_x_dbg\Debug/core.a(wiring_digital.c.o)
 .debug_aranges
                0x00000260       0x28 C:\Users\vlrus\AppData\Local\Temp\VMBuilds\ultrasonicIPSReceiver\arduino_due_x_dbg\Debug/core.a(main.cpp.o)
 .debug_aranges
                0x00000288       0x38 C:\Users\vlrus\AppData\Local\Temp\VMBuilds\ultrasonicIPSReceiver\arduino_due_x_dbg\Debug/core.a(new.cpp.o)
 .debug_aranges
                0x000002c0       0xf8 C:\Users\vlrus\AppData\Local\Temp\VMBuilds\ultrasonicIPSReceiver\arduino_due_x_dbg\Debug/core.a(Print.cpp.o)
 .debug_aranges
                0x000003b8       0x38 C:\Users\vlrus\AppData\Local\Temp\VMBuilds\ultrasonicIPSReceiver\arduino_due_x_dbg\Debug/core.a(Reset.cpp.o)
 .debug_aranges
                0x000003f0       0x28 C:\Users\vlrus\AppData\Local\Temp\VMBuilds\ultrasonicIPSReceiver\arduino_due_x_dbg\Debug/core.a(RingBuffer.cpp.o)
 .debug_aranges
                0x00000418       0x90 C:\Users\vlrus\AppData\Local\Temp\VMBuilds\ultrasonicIPSReceiver\arduino_due_x_dbg\Debug/core.a(UARTClass.cpp.o)
 .debug_aranges
                0x000004a8       0x40 C:\Users\vlrus\AppData\Local\Temp\VMBuilds\ultrasonicIPSReceiver\arduino_due_x_dbg\Debug/core.a(USARTClass.cpp.o)
 .debug_aranges
                0x000004e8       0x38 C:\Users\vlrus\AppData\Local\Temp\VMBuilds\ultrasonicIPSReceiver\arduino_due_x_dbg\Debug/core.a(watchdog.cpp.o)
 .debug_aranges
                0x00000520       0xc0 C:\Users\vlrus\AppData\Local\Temp\VMBuilds\ultrasonicIPSReceiver\arduino_due_x_dbg\Debug/core.a(USBCore.cpp.o)
 .debug_aranges
                0x000005e0       0x30 C:\Users\vlrus\AppData\Local\Temp\VMBuilds\ultrasonicIPSReceiver\arduino_due_x_dbg\Debug/core.a(wiring.c.o)
 .debug_aranges
                0x00000610       0xd0 C:\Users\vlrus\AppData\Local\Temp\VMBuilds\ultrasonicIPSReceiver\arduino_due_x_dbg\Debug/core.a(CDC.cpp.o)
 .debug_aranges
                0x000006e0       0x50 C:\Users\vlrus\AppData\Local\Temp\VMBuilds\ultrasonicIPSReceiver\arduino_due_x_dbg\Debug/core.a(PluggableUSB.cpp.o)

.debug_ranges   0x00000000      0x9f8
 .debug_ranges  0x00000000       0xa8 ultrasonicIPSReceiver.cpp.o
 .debug_ranges  0x000000a8       0x50 movingAvg\movingAvg.cpp.o
 .debug_ranges  0x000000f8       0x80 C:\Users\vlrus\AppData\Local\Temp\VMBCore\arduino20x\4e1271add3247afb6b50ad8f4d39c800\variant\variant.cpp.o
 .debug_ranges  0x00000178       0x28 C:\Users\vlrus\AppData\Local\Temp\VMBuilds\ultrasonicIPSReceiver\arduino_due_x_dbg\Debug/core.a(cortex_handlers.c.o)
 .debug_ranges  0x000001a0       0x20 C:\Users\vlrus\AppData\Local\Temp\VMBuilds\ultrasonicIPSReceiver\arduino_due_x_dbg\Debug/core.a(hooks.c.o)
 .debug_ranges  0x000001c0       0x60 C:\Users\vlrus\AppData\Local\Temp\VMBuilds\ultrasonicIPSReceiver\arduino_due_x_dbg\Debug/core.a(syscalls_sam3.c.o)
 .debug_ranges  0x00000220       0x88 C:\Users\vlrus\AppData\Local\Temp\VMBuilds\ultrasonicIPSReceiver\arduino_due_x_dbg\Debug/core.a(wiring_analog.c.o)
 .debug_ranges  0x000002a8       0x38 C:\Users\vlrus\AppData\Local\Temp\VMBuilds\ultrasonicIPSReceiver\arduino_due_x_dbg\Debug/core.a(wiring_digital.c.o)
 .debug_ranges  0x000002e0       0x18 C:\Users\vlrus\AppData\Local\Temp\VMBuilds\ultrasonicIPSReceiver\arduino_due_x_dbg\Debug/core.a(main.cpp.o)
 .debug_ranges  0x000002f8       0x28 C:\Users\vlrus\AppData\Local\Temp\VMBuilds\ultrasonicIPSReceiver\arduino_due_x_dbg\Debug/core.a(new.cpp.o)
 .debug_ranges  0x00000320      0x180 C:\Users\vlrus\AppData\Local\Temp\VMBuilds\ultrasonicIPSReceiver\arduino_due_x_dbg\Debug/core.a(Print.cpp.o)